src/components/GlobalSidebar.tsx(133,52): error TS2339: Property 'disabled' does not exist on type '{ id: number; title: string; description: string; icon: string; color: string; }'.
src/components/GlobalSidebar.tsx(135,56): error TS2339: Property 'disabled' does not exist on type '{ id: number; title: string; description: string; icon: string; color: string; }'.
src/components/GlobalSidebar.tsx(141,117): error TS2339: Property 'disabled' does not exist on type '{ id: number; title: string; description: string; icon: string; color: string; }'.
src/contexts/AdminContext.tsx(249,7): error TS6133: 'setupStorageListener' is declared but its value is never read.
src/contexts/AdminContext.tsx(301,23): error TS6133: 'convertedStudents' is declared but its value is never read.
src/modules/module1/components/CompletionCelebration.tsx(161,54): error TS2339: Property 'points' does not exist on type 'User'.
src/modules/module1/components/CompletionCelebration.tsx(162,59): error TS2339: Property 'progress' does not exist on type 'User'.
src/modules/module1/components/GeminiChat.tsx(24,9): error TS6133: 'user' is declared but its value is never read.
src/modules/module1/components/GeminiChat.tsx(88,9): error TS2353: Object literal may only specify known properties, and 'history' does not exist in type 'GenerateContentParameters'.
src/modules/module1/components/GeminiChat.tsx(94,37): error TS2322: Type 'string | undefined' is not assignable to type 'string'.
  Type 'undefined' is not assignable to type 'string'.
src/modules/module1/components/Header.tsx(28,19): error TS2339: Property 'resetProgress' does not exist on type 'AuthContextType'.
src/modules/module1/components/Header.tsx(157,196): error TS2339: Property 'points' does not exist on type 'User'.
src/modules/module1/components/interactive/AgentSystemDesigner.tsx(21,10): error TS6133: 'correct' is declared but its value is never read.
src/modules/module1/components/interactive/AgentSystemDesigner.tsx(51,9): error TS7053: Element implicitly has an 'any' type because expression of type 'number' can't be used to index type '{ 1: string; 2: string; 3: string; 4: string; }'.
  No index signature with a parameter of type 'number' was found on type '{ 1: string; 2: string; 3: string; 4: string; }'.
src/modules/module1/components/interactive/AgentSystemDesigner.tsx(58,60): error TS7053: Element implicitly has an 'any' type because expression of type 'number' can't be used to index type '{ 1: string; 2: string; 3: string; 4: string; }'.
  No index signature with a parameter of type 'number' was found on type '{ 1: string; 2: string; 3: string; 4: string; }'.
src/modules/module1/components/interactive/AiEthicsTracker.tsx(51,37): error TS2345: Argument of type 'string | undefined' is not assignable to parameter of type 'string'.
  Type 'undefined' is not assignable to type 'string'.
src/modules/module1/components/interactive/AiPaletteSynthesizer.tsx(57,39): error TS2345: Argument of type 'string | undefined' is not assignable to parameter of type 'string'.
  Type 'undefined' is not assignable to type 'string'.
src/modules/module1/components/interactive/AmbientArchitect.tsx(14,11): error TS6133: 'audioRef' is declared but its value is never read.
src/modules/module1/components/interactive/ApiKeyChatSimulator.tsx(196,78): error TS2322: Type 'RefObject<HTMLDivElement | null>' is not assignable to type 'RefObject<HTMLDivElement>'.
  Type 'HTMLDivElement | null' is not assignable to type 'HTMLDivElement'.
    Type 'null' is not assignable to type 'HTMLDivElement'.
src/modules/module1/components/interactive/ApiKeyChatSimulator.tsx(197,77): error TS2322: Type 'RefObject<HTMLDivElement | null>' is not assignable to type 'RefObject<HTMLDivElement>'.
  Type 'HTMLDivElement | null' is not assignable to type 'HTMLDivElement'.
    Type 'null' is not assignable to type 'HTMLDivElement'.
src/modules/module1/components/interactive/ArchitectureBuilderSandbox.tsx(44,25): error TS2345: Argument of type 'string | undefined' is not assignable to parameter of type 'SetStateAction<string>'.
  Type 'undefined' is not assignable to type 'SetStateAction<string>'.
src/modules/module1/components/interactive/AudioVisualSyncLab.tsx(37,23): error TS2345: Argument of type 'string | undefined' is not assignable to parameter of type 'SetStateAction<string>'.
  Type 'undefined' is not assignable to type 'SetStateAction<string>'.
src/modules/module1/components/interactive/BeginnerImageGen.tsx(51,32): error TS18048: 'response.candidates' is possibly 'undefined'.
src/modules/module1/components/interactive/BeginnerImageGen.tsx(51,32): error TS2532: Object is possibly 'undefined'.
src/modules/module1/components/interactive/BeginnerImageGen.tsx(51,32): error TS2532: Object is possibly 'undefined'.
src/modules/module1/components/interactive/BenefitSorter.tsx(22,44): error TS6133: 'getModuleProgress' is declared but its value is never read.
src/modules/module1/components/interactive/BenefitSorter.tsx(30,36): error TS2304: Cannot find name 'user'.
src/modules/module1/components/interactive/BenefitSorter.tsx(30,45): error TS2304: Cannot find name 'user'.
src/modules/module1/components/interactive/BenefitSorter.tsx(35,19): error TS2304: Cannot find name 'user'.
src/modules/module1/components/interactive/CinematicPromptSequencer.tsx(35,23): error TS2345: Argument of type 'string | undefined' is not assignable to parameter of type 'SetStateAction<string>'.
  Type 'undefined' is not assignable to type 'SetStateAction<string>'.
src/modules/module1/components/interactive/CodeDebugger.tsx(45,23): error TS2345: Argument of type 'string | undefined' is not assignable to parameter of type 'SetStateAction<string>'.
  Type 'undefined' is not assignable to type 'SetStateAction<string>'.
src/modules/module1/components/interactive/CompositorCanvasPro.tsx(46,32): error TS18048: 'response.candidates' is possibly 'undefined'.
src/modules/module1/components/interactive/CompositorCanvasPro.tsx(46,32): error TS2532: Object is possibly 'undefined'.
src/modules/module1/components/interactive/CompositorCanvasPro.tsx(46,32): error TS2532: Object is possibly 'undefined'.
src/modules/module1/components/interactive/ContextWindowExplorer.tsx(11,26): error TS6133: 'setDocumentText' is declared but its value is never read.
src/modules/module1/components/interactive/ContextWindowExplorer.tsx(55,24): error TS2345: Argument of type 'string | undefined' is not assignable to parameter of type 'SetStateAction<string>'.
  Type 'undefined' is not assignable to type 'SetStateAction<string>'.
src/modules/module1/components/interactive/DataDecisionFlowchartBuilder.tsx(37,23): error TS2345: Argument of type 'string | undefined' is not assignable to parameter of type 'SetStateAction<string>'.
  Type 'undefined' is not assignable to type 'SetStateAction<string>'.
src/modules/module1/components/interactive/DiffusionFieldExplorer.tsx(6,1): error TS6133: 'SparklesIcon' is declared but its value is never read.
src/modules/module1/components/interactive/DiffusionFieldExplorer.tsx(41,28): error TS2345: Argument of type 'string | undefined' is not assignable to parameter of type 'SetStateAction<string>'.
  Type 'undefined' is not assignable to type 'SetStateAction<string>'.
src/modules/module1/components/interactive/DockerCommandQuiz.tsx(24,46): error TS6133: 'getModuleProgress' is declared but its value is never read.
src/modules/module1/components/interactive/DockerCommandQuiz.tsx(49,17): error TS2304: Cannot find name 'user'.
src/modules/module1/components/interactive/DockerCommandQuiz.tsx(49,26): error TS2304: Cannot find name 'user'.
src/modules/module1/components/interactive/DockerCommandQuiz.tsx(51,17): error TS2554: Expected 2 arguments, but got 1.
src/modules/module1/components/interactive/DockerCommandQuiz.tsx(71,20): error TS2552: Cannot find name 'moduleProgress'. Did you mean 'getModuleProgress'?
src/modules/module1/components/interactive/DreamspaceConstructor.tsx(40,32): error TS18048: 'response.candidates' is possibly 'undefined'.
src/modules/module1/components/interactive/DreamspaceConstructor.tsx(40,32): error TS2532: Object is possibly 'undefined'.
src/modules/module1/components/interactive/DreamspaceConstructor.tsx(40,32): error TS2532: Object is possibly 'undefined'.
src/modules/module1/components/interactive/EmotionBlendMixer.tsx(35,23): error TS2345: Argument of type 'string | undefined' is not assignable to parameter of type 'SetStateAction<string>'.
  Type 'undefined' is not assignable to type 'SetStateAction<string>'.
src/modules/module1/components/interactive/EnergyCarbonTracker.tsx(14,7): error TS6133: 'CAR_DIST_PER_G_CO2' is declared but its value is never read.
src/modules/module1/components/interactive/EthicalDilemmaSimulator.tsx(6,6): error TS6196: 'Framework' is declared but never used.
src/modules/module1/components/interactive/EthicalStyleInspector.tsx(37,23): error TS2345: Argument of type 'string | undefined' is not assignable to parameter of type 'SetStateAction<string>'.
  Type 'undefined' is not assignable to type 'SetStateAction<string>'.
src/modules/module1/components/interactive/FundingPulseTicker.tsx(34,37): error TS2345: Argument of type 'string | undefined' is not assignable to parameter of type 'string'.
  Type 'undefined' is not assignable to type 'string'.
src/modules/module1/components/interactive/GestureAnimator.tsx(35,23): error TS2345: Argument of type 'string | undefined' is not assignable to parameter of type 'SetStateAction<string>'.
  Type 'undefined' is not assignable to type 'SetStateAction<string>'.
src/modules/module1/components/interactive/ImagePromptEnhancer.tsx(38,23): error TS2345: Argument of type 'string | undefined' is not assignable to parameter of type 'SetStateAction<string>'.
  Type 'undefined' is not assignable to type 'SetStateAction<string>'.
src/modules/module1/components/interactive/InteractiveDebates.tsx(40,23): error TS2345: Argument of type 'string | undefined' is not assignable to parameter of type 'SetStateAction<string>'.
  Type 'undefined' is not assignable to type 'SetStateAction<string>'.
src/modules/module1/components/interactive/LightingPhysicsLab.tsx(44,32): error TS18048: 'response.candidates' is possibly 'undefined'.
src/modules/module1/components/interactive/LightingPhysicsLab.tsx(44,32): error TS2532: Object is possibly 'undefined'.
src/modules/module1/components/interactive/LightingPhysicsLab.tsx(44,32): error TS2532: Object is possibly 'undefined'.
src/modules/module1/components/interactive/LivePatentRadar.tsx(5,1): error TS6133: 'SparklesIcon' is declared but its value is never read.
src/modules/module1/components/interactive/LivePatentRadar.tsx(34,37): error TS2345: Argument of type 'string | undefined' is not assignable to parameter of type 'string'.
  Type 'undefined' is not assignable to type 'string'.
src/modules/module1/components/interactive/LossLandscapeNavigator.tsx(2,38): error TS6133: 'useRef' is declared but its value is never read.
src/modules/module1/components/interactive/MeetingSummarizer.tsx(3,1): error TS6133: 'ListIcon' is declared but its value is never read.
src/modules/module1/components/interactive/MeetingSummarizer.tsx(70,44): error TS2345: Argument of type 'string | undefined' is not assignable to parameter of type 'string'.
  Type 'undefined' is not assignable to type 'string'.
src/modules/module1/components/interactive/ModelArmsRaceTimeline.tsx(12,69): error TS6133: 'interactiveId' is declared but its value is never read.
src/modules/module1/components/interactive/MultiAgentChatSandbox.tsx(74,65): error TS7053: Element implicitly has an 'any' type because expression of type 'string' can't be used to index type '{ Planner: { color: string; icon: string; }; Researcher: { color: string; icon: string; }; Writer: { color: string; icon: string; }; Critic: { color: string; icon: string; }; }'.
  No index signature with a parameter of type 'string' was found on type '{ Planner: { color: string; icon: string; }; Researcher: { color: string; icon: string; }; Writer: { color: string; icon: string; }; Critic: { color: string; icon: string; }; }'.
src/modules/module1/components/interactive/MultiAgentChatSandbox.tsx(74,159): error TS7053: Element implicitly has an 'any' type because expression of type 'string' can't be used to index type '{ Planner: { color: string; icon: string; }; Researcher: { color: string; icon: string; }; Writer: { color: string; icon: string; }; Critic: { color: string; icon: string; }; }'.
  No index signature with a parameter of type 'string' was found on type '{ Planner: { color: string; icon: string; }; Researcher: { color: string; icon: string; }; Writer: { color: string; icon: string; }; Critic: { color: string; icon: string; }; }'.
src/modules/module1/components/interactive/ParameterUniverseExplorer.tsx(39,23): error TS2345: Argument of type 'string | undefined' is not assignable to parameter of type 'SetStateAction<string>'.
  Type 'undefined' is not assignable to type 'SetStateAction<string>'.
src/modules/module1/components/interactive/PatternGenomeSynthesizer.tsx(55,37): error TS2345: Argument of type 'string | undefined' is not assignable to parameter of type 'string'.
  Type 'undefined' is not assignable to type 'string'.
src/modules/module1/components/interactive/PhysicsPainter.tsx(6,46): error TS6133: 'getModuleProgress' is declared but its value is never read.
src/modules/module1/components/interactive/PhysicsPainter.tsx(11,13): error TS2304: Cannot find name 'user'.
src/modules/module1/components/interactive/PhysicsPainter.tsx(11,22): error TS2304: Cannot find name 'user'.
src/modules/module1/components/interactive/PitchBuilder.tsx(36,23): error TS2345: Argument of type 'string | undefined' is not assignable to parameter of type 'SetStateAction<string>'.
  Type 'undefined' is not assignable to type 'SetStateAction<string>'.
src/modules/module1/components/interactive/PoeticFusionGenerator.tsx(36,23): error TS2345: Argument of type 'string | undefined' is not assignable to parameter of type 'SetStateAction<string>'.
  Type 'undefined' is not assignable to type 'SetStateAction<string>'.
src/modules/module1/components/interactive/PrivacyLensDashboard.tsx(72,37): error TS2345: Argument of type 'string | undefined' is not assignable to parameter of type 'string'.
  Type 'undefined' is not assignable to type 'string'.
src/modules/module1/components/interactive/ProfessionalEmailWriter.tsx(40,23): error TS2345: Argument of type 'string | undefined' is not assignable to parameter of type 'SetStateAction<string>'.
  Type 'undefined' is not assignable to type 'SetStateAction<string>'.
src/modules/module1/components/interactive/PromptArchitectWorkbench.tsx(48,17): error TS2322: Type 'string | undefined' is not assignable to type 'string'.
  Type 'undefined' is not assignable to type 'string'.
src/modules/module1/components/interactive/PromptArchitectWorkbench.tsx(83,32): error TS18048: 'response.candidates' is possibly 'undefined'.
src/modules/module1/components/interactive/PromptArchitectWorkbench.tsx(83,32): error TS2532: Object is possibly 'undefined'.
src/modules/module1/components/interactive/PromptArchitectWorkbench.tsx(83,32): error TS2532: Object is possibly 'undefined'.
src/modules/module1/components/interactive/PromptArchitectWorkbench.tsx(85,27): error TS2322: Type 'string | undefined' is not assignable to type 'string'.
  Type 'undefined' is not assignable to type 'string'.
src/modules/module1/components/interactive/PromptInjectionGame.tsx(53,25): error TS2345: Argument of type '(prev: { sender: "user" | "bot"; text: string; }[]) => ({ sender: "user" | "bot"; text: string; } | { sender: "bot"; text: string | undefined; })[]' is not assignable to parameter of type 'SetStateAction<{ sender: "user" | "bot"; text: string; }[]>'.
  Type '(prev: { sender: "user" | "bot"; text: string; }[]) => ({ sender: "user" | "bot"; text: string; } | { sender: "bot"; text: string | undefined; })[]' is not assignable to type '(prevState: { sender: "user" | "bot"; text: string; }[]) => { sender: "user" | "bot"; text: string; }[]'.
    Type '({ sender: "user" | "bot"; text: string; } | { sender: "bot"; text: string | undefined; })[]' is not assignable to type '{ sender: "user" | "bot"; text: string; }[]'.
      Type '{ sender: "user" | "bot"; text: string; } | { sender: "bot"; text: string | undefined; }' is not assignable to type '{ sender: "user" | "bot"; text: string; }'.
        Type '{ sender: "bot"; text: string | undefined; }' is not assignable to type '{ sender: "user" | "bot"; text: string; }'.
          Types of property 'text' are incompatible.
            Type 'string | undefined' is not assignable to type 'string'.
              Type 'undefined' is not assignable to type 'string'.
src/modules/module1/components/interactive/PromptInjectionGame.tsx(55,17): error TS18048: 'botText' is possibly 'undefined'.
src/modules/module1/components/interactive/PromptMutationStudio.tsx(54,37): error TS2345: Argument of type 'string | undefined' is not assignable to parameter of type 'string'.
  Type 'undefined' is not assignable to type 'string'.
src/modules/module1/components/interactive/RlhfTrainerGame.tsx(37,26): error TS2345: Argument of type 'string | undefined' is not assignable to parameter of type 'SetStateAction<string>'.
  Type 'undefined' is not assignable to type 'SetStateAction<string>'.
src/modules/module1/components/interactive/RlhfTrainerGame.tsx(38,26): error TS2345: Argument of type 'string | undefined' is not assignable to parameter of type 'SetStateAction<string>'.
  Type 'undefined' is not assignable to type 'SetStateAction<string>'.
src/modules/module1/components/interactive/SceneDirectorXR.tsx(39,23): error TS2345: Argument of type 'string | undefined' is not assignable to parameter of type 'SetStateAction<string>'.
  Type 'undefined' is not assignable to type 'SetStateAction<string>'.
src/modules/module1/components/interactive/SpatialNarrativeEngine.tsx(40,32): error TS18048: 'response.candidates' is possibly 'undefined'.
src/modules/module1/components/interactive/SpatialNarrativeEngine.tsx(40,32): error TS2532: Object is possibly 'undefined'.
src/modules/module1/components/interactive/SpatialNarrativeEngine.tsx(40,32): error TS2532: Object is possibly 'undefined'.
src/modules/module1/components/interactive/StoryboardForgePlus.tsx(61,37): error TS2345: Argument of type 'string | undefined' is not assignable to parameter of type 'string'.
  Type 'undefined' is not assignable to type 'string'.
src/modules/module1/components/interactive/TextToAppGenerator.tsx(2,38): error TS6133: 'useRef' is declared but its value is never read.
src/modules/module1/components/interactive/TextureAlchemyLab.tsx(33,20): error TS2345: Argument of type 'string | undefined' is not assignable to parameter of type 'SetStateAction<string>'.
  Type 'undefined' is not assignable to type 'SetStateAction<string>'.
src/modules/module2/components/auth/LoginPage.tsx(12,13): error TS2339: Property 'login' does not exist on type '{ user: { progress: { completedSections: string[]; completedInteractives: string[]; }; points: number; email: string; name: string; picture?: string | undefined; createdAt: string; totalPoints: number; modules: { ...; }; finalCertificationId: string | null; finalCertificationHash: string | null; sessionHistory: Sess...'.
src/modules/module2/components/auth/LoginPage.tsx(12,20): error TS2339: Property 'signup' does not exist on type '{ user: { progress: { completedSections: string[]; completedInteractives: string[]; }; points: number; email: string; name: string; picture?: string | undefined; createdAt: string; totalPoints: number; modules: { ...; }; finalCertificationId: string | null; finalCertificationHash: string | null; sessionHistory: Sess...'.
src/modules/module2/components/GeminiChat.tsx(63,43): error TS2322: Type 'string | undefined' is not assignable to type 'string'.
  Type 'undefined' is not assignable to type 'string'.
src/modules/module2/components/interactive/AgentSystemDesigner.tsx(1,27): error TS6133: 'useEffect' is declared but its value is never read.
src/modules/module2/components/interactive/AgentSystemDesigner.tsx(7,7): error TS6133: 'TASK' is declared but its value is never read.
src/modules/module2/components/interactive/AlgorithmVisualizer.tsx(29,44): error TS6133: 'i' is declared but its value is never read.
src/modules/module2/components/interactive/AudioVisualSyncLab.tsx(6,1): error TS6133: 'CheckIcon' is declared but its value is never read.
src/modules/module2/components/interactive/AudioVisualSyncLab.tsx(7,1): error TS6133: 'CloseIcon' is declared but its value is never read.
src/modules/module2/components/interactive/CapstoneAgentBuilder.tsx(2,27): error TS6133: 'useEffect' is declared but its value is never read.
src/modules/module2/components/interactive/ContextWindowExplorer.tsx(5,1): error TS6133: 'SparklesIcon' is declared but its value is never read.
src/modules/module2/components/interactive/ContextWindowExplorer.tsx(15,26): error TS6133: 'setDocumentText' is declared but its value is never read.
src/modules/module2/components/interactive/DiffusionFieldExplorer.tsx(6,1): error TS6133: 'SparklesIcon' is declared but its value is never read.
src/modules/module2/components/interactive/EthicalBiasMirror.tsx(22,24): error TS2339: Property 'updateModuleProgress' does not exist on type '{ user: { progress: { completedSections: string[]; completedInteractives: string[]; }; points: number; email: string; name: string; picture?: string | undefined; createdAt: string; totalPoints: number; modules: { ...; }; finalCertificationId: string | null; finalCertificationHash: string | null; sessionHistory: Sess...'.
src/modules/module2/components/interactive/EthicalBiasMirror.tsx(143,30): error TS2554: Expected 1 arguments, but got 2.
src/modules/module2/components/interactive/EventOpsLab.tsx(6,1): error TS6133: 'CheckIcon' is declared but its value is never read.
src/modules/module2/components/interactive/EventOpsLab.tsx(7,1): error TS6133: 'CloseIcon' is declared but its value is never read.
src/modules/module2/components/interactive/FuelOrbs.tsx(2,38): error TS6133: 'useRef' is declared but its value is never read.
src/modules/module2/components/interactive/FuelOrbs.tsx(21,24): error TS6133: 'prev' is declared but its value is never read.
src/modules/module2/components/interactive/HitlLab.tsx(5,1): error TS6133: 'SparklesIcon' is declared but its value is never read.
src/modules/module2/components/interactive/HitlLab.tsx(7,1): error TS6133: 'CloseIcon' is declared but its value is never read.
src/modules/module2/components/interactive/InteractiveDebates.tsx(6,1): error TS6133: 'SparklesIcon' is declared but its value is never read.
src/modules/module2/components/interactive/InteractiveDebates.tsx(22,12): error TS6133: 'error' is declared but its value is never read.
src/modules/module2/components/interactive/JurisdictionAwareRag.tsx(54,17): error TS6133: 'reason' is declared but its value is never read.
src/modules/module2/components/interactive/LangGraphVisualizer.tsx(2,27): error TS6133: 'useEffect' is declared but its value is never read.
src/modules/module2/components/interactive/LivePatentRadar.tsx(5,1): error TS6133: 'SparklesIcon' is declared but its value is never read.
src/modules/module2/components/interactive/MemoryVaultXR.tsx(1,35): error TS6133: 'useEffect' is declared but its value is never read.
src/modules/module2/components/interactive/PrivacyLensDashboard.tsx(34,26): error TS6133: 'result' is declared but its value is never read.
src/modules/module2/components/interactive/RagBuilder.tsx(2,27): error TS6133: 'useEffect' is declared but its value is never read.
src/modules/module2/components/interactive/RlhfTrainerGame.tsx(2,38): error TS6133: 'useRef' is declared but its value is never read.
src/modules/module2/components/interactive/SchedulePlanner.tsx(210,50): error TS6133: 'index' is declared but its value is never read.
src/modules/module2/components/interactive/TokenEconomySimulator.tsx(2,38): error TS6133: 'useRef' is declared but its value is never read.
src/modules/module2/components/interactive/TokenEconomySimulator.tsx(5,1): error TS6133: 'SparklesIcon' is declared but its value is never read.
src/modules/module2/components/interactive/TokenEconomySimulator.tsx(7,1): error TS6133: 'RefreshIcon' is declared but its value is never read.
src/modules/module2/components/interactive/TokenEconomySimulator.tsx(107,12): error TS6133: 'wave' is declared but its value is never read.
src/modules/module2/components/interactive/ToolCallDashboard.tsx(6,1): error TS6133: 'SearchIcon' is declared but its value is never read.
src/modules/module2/components/interactive/ToolCallDashboard.tsx(7,1): error TS6133: 'Type' is declared but its value is never read.
src/modules/module2/components/interactive/ToolCallDashboard.tsx(15,7): error TS6133: 'WifiIcon' is declared but its value is never read.
src/modules/module2/components/interactive/ToolCallDashboard.tsx(50,12): error TS6133: 'lastSearchResult' is declared but its value is never read.
src/modules/module2/components/interactive/VoiceDrivenEditingDesk.tsx(6,1): error TS6133: 'SparklesIcon' is declared but its value is never read.
src/modules/module2/components/interactive/VoiceDrivenEditingDesk.tsx(13,12): error TS6133: 'error' is declared but its value is never read.
src/modules/module2/services/firebase.ts(1,31): error TS2307: Cannot find module 'firebase/app' or its corresponding type declarations.
src/modules/module3/components/auth/LoginPage.tsx(2,25): error TS2307: Cannot find module '../../hooks/useAuth' or its corresponding type declarations.
src/modules/module3/components/GeminiChat.tsx(63,43): error TS2322: Type 'string | undefined' is not assignable to type 'string'.
  Type 'undefined' is not assignable to type 'string'.
src/modules/module3/components/Header.tsx(2,25): error TS2307: Cannot find module '../hooks/useAuth' or its corresponding type declarations.
src/modules/module3/components/interactive/AgentSystemDesigner.tsx(2,48): error TS2307: Cannot find module '../../types' or its corresponding type declarations.
src/modules/module3/components/interactive/AgentSystemDesigner.tsx(3,25): error TS2307: Cannot find module '../../hooks/useAuth' or its corresponding type declarations.
src/modules/module3/components/interactive/AgentSystemDesigner.tsx(59,21): error TS2345: Argument of type 'string | undefined' is not assignable to parameter of type 'SetStateAction<string>'.
  Type 'undefined' is not assignable to type 'SetStateAction<string>'.
src/modules/module3/components/interactive/AiEthicsTracker.tsx(2,48): error TS2307: Cannot find module '../../types' or its corresponding type declarations.
src/modules/module3/components/interactive/AiEthicsTracker.tsx(3,25): error TS2307: Cannot find module '../../hooks/useAuth' or its corresponding type declarations.
src/modules/module3/components/interactive/AiEthicsTracker.tsx(33,37): error TS2345: Argument of type 'string | undefined' is not assignable to parameter of type 'string'.
  Type 'undefined' is not assignable to type 'string'.
src/modules/module3/components/interactive/AiPaletteSynthesizer.tsx(2,48): error TS2307: Cannot find module '../../types' or its corresponding type declarations.
src/modules/module3/components/interactive/AiPaletteSynthesizer.tsx(3,25): error TS2307: Cannot find module '../../hooks/useAuth' or its corresponding type declarations.
src/modules/module3/components/interactive/AiPaletteSynthesizer.tsx(56,39): error TS2345: Argument of type 'string | undefined' is not assignable to parameter of type 'string'.
  Type 'undefined' is not assignable to type 'string'.
src/modules/module3/components/interactive/AmbientArchitect.tsx(3,48): error TS2307: Cannot find module '../../types' or its corresponding type declarations.
src/modules/module3/components/interactive/AmbientArchitect.tsx(4,25): error TS2307: Cannot find module '../../hooks/useAuth' or its corresponding type declarations.
src/modules/module3/components/interactive/AmbientArchitect.tsx(35,23): error TS2345: Argument of type 'string | undefined' is not assignable to parameter of type 'SetStateAction<string>'.
  Type 'undefined' is not assignable to type 'SetStateAction<string>'.
src/modules/module3/components/interactive/ArchitectureBuilderSandbox.tsx(2,48): error TS2307: Cannot find module '../../types' or its corresponding type declarations.
src/modules/module3/components/interactive/ArchitectureBuilderSandbox.tsx(3,25): error TS2307: Cannot find module '../../hooks/useAuth' or its corresponding type declarations.
src/modules/module3/components/interactive/ArchitectureBuilderSandbox.tsx(45,25): error TS2345: Argument of type 'string | undefined' is not assignable to parameter of type 'SetStateAction<string>'.
  Type 'undefined' is not assignable to type 'SetStateAction<string>'.
src/modules/module3/components/interactive/AudioVisualSyncLab.tsx(3,48): error TS2307: Cannot find module '../../types' or its corresponding type declarations.
src/modules/module3/components/interactive/AudioVisualSyncLab.tsx(4,25): error TS2307: Cannot find module '../../hooks/useAuth' or its corresponding type declarations.
src/modules/module3/components/interactive/AudioVisualSyncLab.tsx(37,23): error TS2345: Argument of type 'string | undefined' is not assignable to parameter of type 'SetStateAction<string>'.
  Type 'undefined' is not assignable to type 'SetStateAction<string>'.
src/modules/module3/components/interactive/BenefitSorter.tsx(2,25): error TS2307: Cannot find module '../../hooks/useAuth' or its corresponding type declarations.
src/modules/module3/components/interactive/BenefitSorter.tsx(3,48): error TS2307: Cannot find module '../../types' or its corresponding type declarations.
src/modules/module3/components/interactive/BenefitSorter.tsx(69,21): error TS2345: Argument of type 'string | undefined' is not assignable to parameter of type 'SetStateAction<string>'.
  Type 'undefined' is not assignable to type 'SetStateAction<string>'.
src/modules/module3/components/interactive/BusinessModelCanvas.tsx(4,48): error TS2307: Cannot find module '../../types' or its corresponding type declarations.
src/modules/module3/components/interactive/BusinessModelCanvas.tsx(5,25): error TS2307: Cannot find module '../../hooks/useAuth' or its corresponding type declarations.
src/modules/module3/components/interactive/BusinessModelCanvas.tsx(45,25): error TS2345: Argument of type 'string | undefined' is not assignable to parameter of type 'SetStateAction<string>'.
  Type 'undefined' is not assignable to type 'SetStateAction<string>'.
src/modules/module3/components/interactive/CinematicPromptSequencer.tsx(3,48): error TS2307: Cannot find module '../../types' or its corresponding type declarations.
src/modules/module3/components/interactive/CinematicPromptSequencer.tsx(4,25): error TS2307: Cannot find module '../../hooks/useAuth' or its corresponding type declarations.
src/modules/module3/components/interactive/CinematicPromptSequencer.tsx(37,23): error TS2345: Argument of type 'string | undefined' is not assignable to parameter of type 'SetStateAction<string>'.
  Type 'undefined' is not assignable to type 'SetStateAction<string>'.
src/modules/module3/components/interactive/CodeDebugger.tsx(2,25): error TS2307: Cannot find module '../../hooks/useAuth' or its corresponding type declarations.
src/modules/module3/components/interactive/CodeDebugger.tsx(3,48): error TS2307: Cannot find module '../../types' or its corresponding type declarations.
src/modules/module3/components/interactive/CodeDebugger.tsx(40,24): error TS2345: Argument of type 'string | undefined' is not assignable to parameter of type 'SetStateAction<string>'.
  Type 'undefined' is not assignable to type 'SetStateAction<string>'.
src/modules/module3/components/interactive/CompositorCanvasPro.tsx(2,48): error TS2307: Cannot find module '../../types' or its corresponding type declarations.
src/modules/module3/components/interactive/CompositorCanvasPro.tsx(3,25): error TS2307: Cannot find module '../../hooks/useAuth' or its corresponding type declarations.
src/modules/module3/components/interactive/CompositorCanvasPro.tsx(45,32): error TS18048: 'response.candidates' is possibly 'undefined'.
src/modules/module3/components/interactive/CompositorCanvasPro.tsx(45,32): error TS2532: Object is possibly 'undefined'.
src/modules/module3/components/interactive/CompositorCanvasPro.tsx(45,32): error TS2532: Object is possibly 'undefined'.
src/modules/module3/components/interactive/ContextWindowExplorer.tsx(3,48): error TS2307: Cannot find module '../../types' or its corresponding type declarations.
src/modules/module3/components/interactive/ContextWindowExplorer.tsx(4,25): error TS2307: Cannot find module '../../hooks/useAuth' or its corresponding type declarations.
src/modules/module3/components/interactive/ContextWindowExplorer.tsx(5,1): error TS6133: 'SparklesIcon' is declared but its value is never read.
src/modules/module3/components/interactive/ContextWindowExplorer.tsx(15,26): error TS6133: 'setDocumentText' is declared but its value is never read.
src/modules/module3/components/interactive/ContextWindowExplorer.tsx(56,24): error TS2345: Argument of type 'string | undefined' is not assignable to parameter of type 'SetStateAction<string>'.
  Type 'undefined' is not assignable to type 'SetStateAction<string>'.
src/modules/module3/components/interactive/DataDecisionFlowchartBuilder.tsx(2,48): error TS2307: Cannot find module '../../types' or its corresponding type declarations.
src/modules/module3/components/interactive/DataDecisionFlowchartBuilder.tsx(3,25): error TS2307: Cannot find module '../../hooks/useAuth' or its corresponding type declarations.
src/modules/module3/components/interactive/DataDecisionFlowchartBuilder.tsx(51,28): error TS2345: Argument of type 'string | undefined' is not assignable to parameter of type 'SetStateAction<string>'.
  Type 'undefined' is not assignable to type 'SetStateAction<string>'.
src/modules/module3/components/interactive/DataVisualizer.tsx(2,48): error TS2307: Cannot find module '../../types' or its corresponding type declarations.
src/modules/module3/components/interactive/DataVisualizer.tsx(3,25): error TS2307: Cannot find module '../../hooks/useAuth' or its corresponding type declarations.
src/modules/module3/components/interactive/DataVisualizer.tsx(24,11): error TS6198: All destructured elements are unused.
src/modules/module3/components/interactive/DiffusionFieldExplorer.tsx(3,48): error TS2307: Cannot find module '../../types' or its corresponding type declarations.
src/modules/module3/components/interactive/DiffusionFieldExplorer.tsx(4,25): error TS2307: Cannot find module '../../hooks/useAuth' or its corresponding type declarations.
src/modules/module3/components/interactive/DiffusionFieldExplorer.tsx(6,1): error TS6133: 'SparklesIcon' is declared but its value is never read.
src/modules/module3/components/interactive/DiffusionFieldExplorer.tsx(40,28): error TS2345: Argument of type 'string | undefined' is not assignable to parameter of type 'SetStateAction<string>'.
  Type 'undefined' is not assignable to type 'SetStateAction<string>'.
src/modules/module3/components/interactive/DockerCommandQuiz.tsx(2,25): error TS2307: Cannot find module '../../hooks/useAuth' or its corresponding type declarations.
src/modules/module3/components/interactive/DockerCommandQuiz.tsx(3,48): error TS2307: Cannot find module '../../types' or its corresponding type declarations.
src/modules/module3/components/interactive/DockerCommandQuiz.tsx(55,28): error TS2345: Argument of type 'string | undefined' is not assignable to parameter of type 'SetStateAction<string>'.
  Type 'undefined' is not assignable to type 'SetStateAction<string>'.
src/modules/module3/components/interactive/DreamspaceConstructor.tsx(2,48): error TS2307: Cannot find module '../../types' or its corresponding type declarations.
src/modules/module3/components/interactive/DreamspaceConstructor.tsx(3,25): error TS2307: Cannot find module '../../hooks/useAuth' or its corresponding type declarations.
src/modules/module3/components/interactive/DreamspaceConstructor.tsx(39,32): error TS18048: 'response.candidates' is possibly 'undefined'.
src/modules/module3/components/interactive/DreamspaceConstructor.tsx(39,32): error TS2532: Object is possibly 'undefined'.
src/modules/module3/components/interactive/DreamspaceConstructor.tsx(39,32): error TS2532: Object is possibly 'undefined'.
src/modules/module3/components/interactive/EmotionBlendMixer.tsx(2,48): error TS2307: Cannot find module '../../types' or its corresponding type declarations.
src/modules/module3/components/interactive/EmotionBlendMixer.tsx(3,25): error TS2307: Cannot find module '../../hooks/useAuth' or its corresponding type declarations.
src/modules/module3/components/interactive/EmotionBlendMixer.tsx(33,23): error TS2345: Argument of type 'string | undefined' is not assignable to parameter of type 'SetStateAction<string>'.
  Type 'undefined' is not assignable to type 'SetStateAction<string>'.
src/modules/module3/components/interactive/EnergyCarbonTracker.tsx(2,48): error TS2307: Cannot find module '../../types' or its corresponding type declarations.
src/modules/module3/components/interactive/EnergyCarbonTracker.tsx(3,25): error TS2307: Cannot find module '../../hooks/useAuth' or its corresponding type declarations.
src/modules/module3/components/interactive/EthicalBiasMirror.tsx(2,48): error TS2307: Cannot find module '../../types' or its corresponding type declarations.
src/modules/module3/components/interactive/EthicalBiasMirror.tsx(3,25): error TS2307: Cannot find module '../../hooks/useAuth' or its corresponding type declarations.
src/modules/module3/components/interactive/EthicalDilemmaSimulator.tsx(3,25): error TS2307: Cannot find module '../../hooks/useAuth' or its corresponding type declarations.
src/modules/module3/components/interactive/EthicalDilemmaSimulator.tsx(4,48): error TS2307: Cannot find module '../../types' or its corresponding type declarations.
src/modules/module3/components/interactive/EthicalDilemmaSimulator.tsx(36,25): error TS2345: Argument of type 'string | undefined' is not assignable to parameter of type 'SetStateAction<string | null>'.
  Type 'undefined' is not assignable to type 'SetStateAction<string | null>'.
src/modules/module3/components/interactive/EthicalStyleInspector.tsx(3,48): error TS2307: Cannot find module '../../types' or its corresponding type declarations.
src/modules/module3/components/interactive/EthicalStyleInspector.tsx(4,25): error TS2307: Cannot find module '../../hooks/useAuth' or its corresponding type declarations.
src/modules/module3/components/interactive/EthicalStyleInspector.tsx(35,23): error TS2345: Argument of type 'string | undefined' is not assignable to parameter of type 'SetStateAction<string>'.
  Type 'undefined' is not assignable to type 'SetStateAction<string>'.
src/modules/module3/components/interactive/ExplainabilityPanel.tsx(2,48): error TS2307: Cannot find module '../../types' or its corresponding type declarations.
src/modules/module3/components/interactive/ExplainabilityPanel.tsx(3,25): error TS2307: Cannot find module '../../hooks/useAuth' or its corresponding type declarations.
src/modules/module3/components/interactive/ExplainabilityPanel.tsx(32,30): error TS2345: Argument of type 'string | undefined' is not assignable to parameter of type 'SetStateAction<string>'.
  Type 'undefined' is not assignable to type 'SetStateAction<string>'.
src/modules/module3/components/interactive/ExplainabilityPanel.tsx(41,28): error TS2345: Argument of type 'string | undefined' is not assignable to parameter of type 'SetStateAction<string>'.
  Type 'undefined' is not assignable to type 'SetStateAction<string>'.
src/modules/module3/components/interactive/FundingPulseTicker.tsx(2,48): error TS2307: Cannot find module '../../types' or its corresponding type declarations.
src/modules/module3/components/interactive/FundingPulseTicker.tsx(3,25): error TS2307: Cannot find module '../../hooks/useAuth' or its corresponding type declarations.
src/modules/module3/components/interactive/FundingPulseTicker.tsx(33,37): error TS2345: Argument of type 'string | undefined' is not assignable to parameter of type 'string'.
  Type 'undefined' is not assignable to type 'string'.
src/modules/module3/components/interactive/FutureScenarioPoll.tsx(3,48): error TS2307: Cannot find module '../../types' or its corresponding type declarations.
src/modules/module3/components/interactive/FutureScenarioPoll.tsx(4,25): error TS2307: Cannot find module '../../hooks/useAuth' or its corresponding type declarations.
src/modules/module3/components/interactive/FutureScenarioPoll.tsx(31,23): error TS2345: Argument of type 'string | undefined' is not assignable to parameter of type 'SetStateAction<string>'.
  Type 'undefined' is not assignable to type 'SetStateAction<string>'.
src/modules/module3/components/interactive/GenerativeSculptor3D.tsx(2,48): error TS2307: Cannot find module '../../types' or its corresponding type declarations.
src/modules/module3/components/interactive/GenerativeSculptor3D.tsx(3,25): error TS2307: Cannot find module '../../hooks/useAuth' or its corresponding type declarations.
src/modules/module3/components/interactive/GenerativeSculptor3D.tsx(35,28): error TS2345: Argument of type 'string | undefined' is not assignable to parameter of type 'SetStateAction<string>'.
  Type 'undefined' is not assignable to type 'SetStateAction<string>'.
src/modules/module3/components/interactive/GestureAnimator.tsx(3,48): error TS2307: Cannot find module '../../types' or its corresponding type declarations.
src/modules/module3/components/interactive/GestureAnimator.tsx(4,25): error TS2307: Cannot find module '../../hooks/useAuth' or its corresponding type declarations.
src/modules/module3/components/interactive/GestureAnimator.tsx(37,23): error TS2345: Argument of type 'string | undefined' is not assignable to parameter of type 'SetStateAction<string>'.
  Type 'undefined' is not assignable to type 'SetStateAction<string>'.
src/modules/module3/components/interactive/ImagePromptEnhancer.tsx(4,48): error TS2307: Cannot find module '../../types' or its corresponding type declarations.
src/modules/module3/components/interactive/ImagePromptEnhancer.tsx(5,25): error TS2307: Cannot find module '../../hooks/useAuth' or its corresponding type declarations.
src/modules/module3/components/interactive/ImagePromptEnhancer.tsx(35,23): error TS2345: Argument of type 'string | undefined' is not assignable to parameter of type 'SetStateAction<string>'.
  Type 'undefined' is not assignable to type 'SetStateAction<string>'.
src/modules/module3/components/interactive/InteractiveChatbot.tsx(7,48): error TS2307: Cannot find module '../../types' or its corresponding type declarations.
src/modules/module3/components/interactive/InteractiveChatbot.tsx(8,25): error TS2307: Cannot find module '../../hooks/useAuth' or its corresponding type declarations.
src/modules/module3/components/interactive/InteractiveChatbot.tsx(16,28): error TS6133: 'updateProgress' is declared but its value is never read.
src/modules/module3/components/interactive/InteractiveChatbot.tsx(61,39): error TS2322: Type 'string | undefined' is not assignable to type 'string'.
  Type 'undefined' is not assignable to type 'string'.
src/modules/module3/components/interactive/InteractiveDebates.tsx(3,48): error TS2307: Cannot find module '../../types' or its corresponding type declarations.
src/modules/module3/components/interactive/InteractiveDebates.tsx(4,25): error TS2307: Cannot find module '../../hooks/useAuth' or its corresponding type declarations.
src/modules/module3/components/interactive/InteractiveDebates.tsx(6,1): error TS6133: 'SparklesIcon' is declared but its value is never read.
src/modules/module3/components/interactive/InteractiveDebates.tsx(22,12): error TS6133: 'error' is declared but its value is never read.
src/modules/module3/components/interactive/InteractiveDebates.tsx(42,25): error TS2345: Argument of type 'string | undefined' is not assignable to parameter of type 'SetStateAction<string>'.
  Type 'undefined' is not assignable to type 'SetStateAction<string>'.
src/modules/module3/components/interactive/JobImpactSimulator.tsx(2,48): error TS2307: Cannot find module '../../types' or its corresponding type declarations.
src/modules/module3/components/interactive/JobImpactSimulator.tsx(3,25): error TS2307: Cannot find module '../../hooks/useAuth' or its corresponding type declarations.
src/modules/module3/components/interactive/JobImpactSimulator.tsx(34,25): error TS2345: Argument of type 'string | undefined' is not assignable to parameter of type 'SetStateAction<string>'.
  Type 'undefined' is not assignable to type 'SetStateAction<string>'.
src/modules/module3/components/interactive/LangGraphVisualizer.tsx(2,48): error TS2307: Cannot find module '../../types' or its corresponding type declarations.
src/modules/module3/components/interactive/LangGraphVisualizer.tsx(20,67): error TS6133: 'interactiveId' is declared but its value is never read.
src/modules/module3/components/interactive/LightingPhysicsLab.tsx(2,48): error TS2307: Cannot find module '../../types' or its corresponding type declarations.
src/modules/module3/components/interactive/LightingPhysicsLab.tsx(3,25): error TS2307: Cannot find module '../../hooks/useAuth' or its corresponding type declarations.
src/modules/module3/components/interactive/LightingPhysicsLab.tsx(43,32): error TS18048: 'response.candidates' is possibly 'undefined'.
src/modules/module3/components/interactive/LightingPhysicsLab.tsx(43,32): error TS2532: Object is possibly 'undefined'.
src/modules/module3/components/interactive/LightingPhysicsLab.tsx(43,32): error TS2532: Object is possibly 'undefined'.
src/modules/module3/components/interactive/LivePatentRadar.tsx(2,48): error TS2307: Cannot find module '../../types' or its corresponding type declarations.
src/modules/module3/components/interactive/LivePatentRadar.tsx(3,25): error TS2307: Cannot find module '../../hooks/useAuth' or its corresponding type declarations.
src/modules/module3/components/interactive/LivePatentRadar.tsx(5,1): error TS6133: 'SparklesIcon' is declared but its value is never read.
src/modules/module3/components/interactive/LivePatentRadar.tsx(33,37): error TS2345: Argument of type 'string | undefined' is not assignable to parameter of type 'string'.
  Type 'undefined' is not assignable to type 'string'.
src/modules/module3/components/interactive/LossLandscapeNavigator.tsx(2,48): error TS2307: Cannot find module '../../types' or its corresponding type declarations.
src/modules/module3/components/interactive/LossLandscapeNavigator.tsx(3,25): error TS2307: Cannot find module '../../hooks/useAuth' or its corresponding type declarations.
src/modules/module3/components/interactive/LossLandscapeNavigator.tsx(35,28): error TS2345: Argument of type 'string | undefined' is not assignable to parameter of type 'SetStateAction<string>'.
  Type 'undefined' is not assignable to type 'SetStateAction<string>'.
src/modules/module3/components/interactive/MeetingSummarizer.tsx(4,48): error TS2307: Cannot find module '../../types' or its corresponding type declarations.
src/modules/module3/components/interactive/MeetingSummarizer.tsx(5,25): error TS2307: Cannot find module '../../hooks/useAuth' or its corresponding type declarations.
src/modules/module3/components/interactive/MeetingSummarizer.tsx(77,44): error TS2345: Argument of type 'string | undefined' is not assignable to parameter of type 'string'.
  Type 'undefined' is not assignable to type 'string'.
src/modules/module3/components/interactive/MelodyMakerAI.tsx(3,48): error TS2307: Cannot find module '../../types' or its corresponding type declarations.
src/modules/module3/components/interactive/MelodyMakerAI.tsx(4,25): error TS2307: Cannot find module '../../hooks/useAuth' or its corresponding type declarations.
src/modules/module3/components/interactive/MelodyMakerAI.tsx(39,23): error TS2345: Argument of type 'string | undefined' is not assignable to parameter of type 'SetStateAction<string>'.
  Type 'undefined' is not assignable to type 'SetStateAction<string>'.
src/modules/module3/components/interactive/MemoryDecayLab.tsx(2,48): error TS2307: Cannot find module '../../types' or its corresponding type declarations.
src/modules/module3/components/interactive/MemoryDecayLab.tsx(3,25): error TS2307: Cannot find module '../../hooks/useAuth' or its corresponding type declarations.
src/modules/module3/components/interactive/MemoryDecayLab.tsx(69,25): error TS2345: Argument of type 'string | undefined' is not assignable to parameter of type 'SetStateAction<string>'.
  Type 'undefined' is not assignable to type 'SetStateAction<string>'.
src/modules/module3/components/interactive/ModelArmsRaceTimeline.tsx(2,48): error TS2307: Cannot find module '../../types' or its corresponding type declarations.
src/modules/module3/components/interactive/ModelArmsRaceTimeline.tsx(12,69): error TS6133: 'interactiveId' is declared but its value is never read.
src/modules/module3/components/interactive/MotionPhysicsPlayground.tsx(3,48): error TS2307: Cannot find module '../../types' or its corresponding type declarations.
src/modules/module3/components/interactive/MotionPhysicsPlayground.tsx(4,25): error TS2307: Cannot find module '../../hooks/useAuth' or its corresponding type declarations.
src/modules/module3/components/interactive/MotionPhysicsPlayground.tsx(41,23): error TS2345: Argument of type 'string | undefined' is not assignable to parameter of type 'SetStateAction<string>'.
  Type 'undefined' is not assignable to type 'SetStateAction<string>'.
src/modules/module3/components/interactive/MultiAgentChatSandbox.tsx(2,48): error TS2307: Cannot find module '../../types' or its corresponding type declarations.
src/modules/module3/components/interactive/MultiAgentChatSandbox.tsx(3,25): error TS2307: Cannot find module '../../hooks/useAuth' or its corresponding type declarations.
src/modules/module3/components/interactive/MultiAgentChatSandbox.tsx(38,51): error TS2322: Type 'string | undefined' is not assignable to type 'string'.
  Type 'undefined' is not assignable to type 'string'.
src/modules/module3/components/interactive/MultiAgentChatSandbox.tsx(45,54): error TS2322: Type 'string | undefined' is not assignable to type 'string'.
  Type 'undefined' is not assignable to type 'string'.
src/modules/module3/components/interactive/MultiAgentChatSandbox.tsx(52,50): error TS2322: Type 'string | undefined' is not assignable to type 'string'.
  Type 'undefined' is not assignable to type 'string'.
src/modules/module3/components/interactive/ParameterUniverseExplorer.tsx(2,48): error TS2307: Cannot find module '../../types' or its corresponding type declarations.
src/modules/module3/components/interactive/ParameterUniverseExplorer.tsx(3,25): error TS2307: Cannot find module '../../hooks/useAuth' or its corresponding type declarations.
src/modules/module3/components/interactive/ParameterUniverseExplorer.tsx(40,28): error TS2345: Argument of type 'string | undefined' is not assignable to parameter of type 'SetStateAction<string>'.
  Type 'undefined' is not assignable to type 'SetStateAction<string>'.
src/modules/module3/components/interactive/PatternGenomeSynthesizer.tsx(3,48): error TS2307: Cannot find module '../../types' or its corresponding type declarations.
src/modules/module3/components/interactive/PatternGenomeSynthesizer.tsx(4,25): error TS2307: Cannot find module '../../hooks/useAuth' or its corresponding type declarations.
src/modules/module3/components/interactive/PatternGenomeSynthesizer.tsx(54,37): error TS2345: Argument of type 'string | undefined' is not assignable to parameter of type 'string'.
  Type 'undefined' is not assignable to type 'string'.
src/modules/module3/components/interactive/PersonalizationSimulator.tsx(2,48): error TS2307: Cannot find module '../../types' or its corresponding type declarations.
src/modules/module3/components/interactive/PersonalizationSimulator.tsx(3,25): error TS2307: Cannot find module '../../hooks/useAuth' or its corresponding type declarations.
src/modules/module3/components/interactive/PersonalizationSimulator.tsx(71,47): error TS2345: Argument of type 'string | undefined' is not assignable to parameter of type 'string'.
  Type 'undefined' is not assignable to type 'string'.
src/modules/module3/components/interactive/PhysicsPainter.tsx(3,48): error TS2307: Cannot find module '../../types' or its corresponding type declarations.
src/modules/module3/components/interactive/PhysicsPainter.tsx(4,25): error TS2307: Cannot find module '../../hooks/useAuth' or its corresponding type declarations.
src/modules/module3/components/interactive/PhysicsPainter.tsx(35,23): error TS2345: Argument of type 'string | undefined' is not assignable to parameter of type 'SetStateAction<string>'.
  Type 'undefined' is not assignable to type 'SetStateAction<string>'.
src/modules/module3/components/interactive/PitchBuilder.tsx(3,25): error TS2307: Cannot find module '../../hooks/useAuth' or its corresponding type declarations.
src/modules/module3/components/interactive/PitchBuilder.tsx(4,48): error TS2307: Cannot find module '../../types' or its corresponding type declarations.
src/modules/module3/components/interactive/PitchBuilder.tsx(44,29): error TS2345: Argument of type 'string | undefined' is not assignable to parameter of type 'SetStateAction<string>'.
  Type 'undefined' is not assignable to type 'SetStateAction<string>'.
src/modules/module3/components/interactive/PoeticFusionGenerator.tsx(2,48): error TS2307: Cannot find module '../../types' or its corresponding type declarations.
src/modules/module3/components/interactive/PoeticFusionGenerator.tsx(3,25): error TS2307: Cannot find module '../../hooks/useAuth' or its corresponding type declarations.
src/modules/module3/components/interactive/PoeticFusionGenerator.tsx(36,21): error TS2345: Argument of type 'string | undefined' is not assignable to parameter of type 'SetStateAction<string>'.
  Type 'undefined' is not assignable to type 'SetStateAction<string>'.
src/modules/module3/components/interactive/PoeticFusionGenerator.tsx(49,25): error TS2345: Argument of type 'string | undefined' is not assignable to parameter of type 'SetStateAction<string>'.
  Type 'undefined' is not assignable to type 'SetStateAction<string>'.
src/modules/module3/components/interactive/PrivacyLensDashboard.tsx(2,48): error TS2307: Cannot find module '../../types' or its corresponding type declarations.
src/modules/module3/components/interactive/PrivacyLensDashboard.tsx(3,25): error TS2307: Cannot find module '../../hooks/useAuth' or its corresponding type declarations.
src/modules/module3/components/interactive/PrivacyLensDashboard.tsx(73,37): error TS2345: Argument of type 'string | undefined' is not assignable to parameter of type 'string'.
  Type 'undefined' is not assignable to type 'string'.
src/modules/module3/components/interactive/ProfessionalEmailWriter.tsx(4,48): error TS2307: Cannot find module '../../types' or its corresponding type declarations.
src/modules/module3/components/interactive/ProfessionalEmailWriter.tsx(5,25): error TS2307: Cannot find module '../../hooks/useAuth' or its corresponding type declarations.
src/modules/module3/components/interactive/ProfessionalEmailWriter.tsx(37,23): error TS2345: Argument of type 'string | undefined' is not assignable to parameter of type 'SetStateAction<string>'.
  Type 'undefined' is not assignable to type 'SetStateAction<string>'.
src/modules/module3/components/interactive/PromptArchitectWorkbench.tsx(2,48): error TS2307: Cannot find module '../../types' or its corresponding type declarations.
src/modules/module3/components/interactive/PromptArchitectWorkbench.tsx(3,25): error TS2307: Cannot find module '../../hooks/useAuth' or its corresponding type declarations.
src/modules/module3/components/interactive/PromptArchitectWorkbench.tsx(47,17): error TS2322: Type 'string | undefined' is not assignable to type 'string'.
  Type 'undefined' is not assignable to type 'string'.
src/modules/module3/components/interactive/PromptArchitectWorkbench.tsx(82,32): error TS18048: 'response.candidates' is possibly 'undefined'.
src/modules/module3/components/interactive/PromptArchitectWorkbench.tsx(82,32): error TS2532: Object is possibly 'undefined'.
src/modules/module3/components/interactive/PromptArchitectWorkbench.tsx(82,32): error TS2532: Object is possibly 'undefined'.
src/modules/module3/components/interactive/PromptArchitectWorkbench.tsx(84,27): error TS2322: Type 'string | undefined' is not assignable to type 'string'.
  Type 'undefined' is not assignable to type 'string'.
src/modules/module3/components/interactive/PromptMutationStudio.tsx(2,48): error TS2307: Cannot find module '../../types' or its corresponding type declarations.
src/modules/module3/components/interactive/PromptMutationStudio.tsx(3,25): error TS2307: Cannot find module '../../hooks/useAuth' or its corresponding type declarations.
src/modules/module3/components/interactive/PromptMutationStudio.tsx(38,48): error TS2345: Argument of type 'string | undefined' is not assignable to parameter of type 'string'.
  Type 'undefined' is not assignable to type 'string'.
src/modules/module3/components/interactive/RlhfTrainerGame.tsx(2,48): error TS2307: Cannot find module '../../types' or its corresponding type declarations.
src/modules/module3/components/interactive/RlhfTrainerGame.tsx(3,25): error TS2307: Cannot find module '../../hooks/useAuth' or its corresponding type declarations.
src/modules/module3/components/interactive/RlhfTrainerGame.tsx(82,28): error TS2345: Argument of type 'string | undefined' is not assignable to parameter of type 'SetStateAction<string>'.
  Type 'undefined' is not assignable to type 'SetStateAction<string>'.
src/modules/module3/components/interactive/RobotSimulator.tsx(58,21): error TS18048: 'response.text' is possibly 'undefined'.
src/modules/module3/components/interactive/SceneDirectorXR.tsx(3,48): error TS2307: Cannot find module '../../types' or its corresponding type declarations.
src/modules/module3/components/interactive/SceneDirectorXR.tsx(4,25): error TS2307: Cannot find module '../../hooks/useAuth' or its corresponding type declarations.
src/modules/module3/components/interactive/SceneDirectorXR.tsx(36,23): error TS2345: Argument of type 'string | undefined' is not assignable to parameter of type 'SetStateAction<string>'.
  Type 'undefined' is not assignable to type 'SetStateAction<string>'.
src/modules/module3/components/interactive/SdgMatcher.tsx(44,28): error TS2345: Argument of type 'string | undefined' is not assignable to parameter of type 'SetStateAction<string>'.
  Type 'undefined' is not assignable to type 'SetStateAction<string>'.
src/modules/module3/components/interactive/SimplePredictiveModel.tsx(32,25): error TS2345: Argument of type 'string | undefined' is not assignable to parameter of type 'SetStateAction<string>'.
  Type 'undefined' is not assignable to type 'SetStateAction<string>'.
src/modules/module3/components/interactive/SoundfieldComposer.tsx(3,48): error TS2307: Cannot find module '../../types' or its corresponding type declarations.
src/modules/module3/components/interactive/SoundfieldComposer.tsx(4,25): error TS2307: Cannot find module '../../hooks/useAuth' or its corresponding type declarations.
src/modules/module3/components/interactive/SoundfieldComposer.tsx(38,23): error TS2345: Argument of type 'string | undefined' is not assignable to parameter of type 'SetStateAction<string>'.
  Type 'undefined' is not assignable to type 'SetStateAction<string>'.
src/modules/module3/components/interactive/SpatialNarrativeEngine.tsx(2,48): error TS2307: Cannot find module '../../types' or its corresponding type declarations.
src/modules/module3/components/interactive/SpatialNarrativeEngine.tsx(3,25): error TS2307: Cannot find module '../../hooks/useAuth' or its corresponding type declarations.
src/modules/module3/components/interactive/SpatialNarrativeEngine.tsx(39,32): error TS18048: 'response.candidates' is possibly 'undefined'.
src/modules/module3/components/interactive/SpatialNarrativeEngine.tsx(39,32): error TS2532: Object is possibly 'undefined'.
src/modules/module3/components/interactive/SpatialNarrativeEngine.tsx(39,32): error TS2532: Object is possibly 'undefined'.
src/modules/module3/components/interactive/SpeechEmotionAnalyzer.tsx(3,48): error TS2307: Cannot find module '../../types' or its corresponding type declarations.
src/modules/module3/components/interactive/SpeechEmotionAnalyzer.tsx(4,25): error TS2307: Cannot find module '../../hooks/useAuth' or its corresponding type declarations.
src/modules/module3/components/interactive/SpeechEmotionAnalyzer.tsx(37,23): error TS2345: Argument of type 'string | undefined' is not assignable to parameter of type 'SetStateAction<string>'.
  Type 'undefined' is not assignable to type 'SetStateAction<string>'.
src/modules/module3/components/interactive/StoryboardForgePlus.tsx(3,48): error TS2307: Cannot find module '../../types' or its corresponding type declarations.
src/modules/module3/components/interactive/StoryboardForgePlus.tsx(4,25): error TS2307: Cannot find module '../../hooks/useAuth' or its corresponding type declarations.
src/modules/module3/components/interactive/StoryboardForgePlus.tsx(58,37): error TS2345: Argument of type 'string | undefined' is not assignable to parameter of type 'string'.
  Type 'undefined' is not assignable to type 'string'.
src/modules/module3/components/interactive/TextureAlchemyLab.tsx(3,48): error TS2307: Cannot find module '../../types' or its corresponding type declarations.
src/modules/module3/components/interactive/TextureAlchemyLab.tsx(4,25): error TS2307: Cannot find module '../../hooks/useAuth' or its corresponding type declarations.
src/modules/module3/components/interactive/TextureAlchemyLab.tsx(39,23): error TS2345: Argument of type 'string | undefined' is not assignable to parameter of type 'SetStateAction<string>'.
  Type 'undefined' is not assignable to type 'SetStateAction<string>'.
src/modules/module3/components/interactive/TokenEconomySimulator.tsx(2,48): error TS2307: Cannot find module '../../types' or its corresponding type declarations.
src/modules/module3/components/interactive/TokenEconomySimulator.tsx(3,25): error TS2307: Cannot find module '../../hooks/useAuth' or its corresponding type declarations.
src/modules/module3/components/interactive/TokenEconomySimulator.tsx(40,25): error TS2345: Argument of type 'string | undefined' is not assignable to parameter of type 'SetStateAction<string>'.
  Type 'undefined' is not assignable to type 'SetStateAction<string>'.
src/modules/module3/components/interactive/UiFeedback.tsx(3,48): error TS2307: Cannot find module '../../types' or its corresponding type declarations.
src/modules/module3/components/interactive/UiFeedback.tsx(4,25): error TS2307: Cannot find module '../../hooks/useAuth' or its corresponding type declarations.
src/modules/module3/components/interactive/UiFeedback.tsx(38,24): error TS2345: Argument of type 'string | undefined' is not assignable to parameter of type 'SetStateAction<string>'.
  Type 'undefined' is not assignable to type 'SetStateAction<string>'.
src/modules/module3/components/interactive/VoiceDrivenEditingDesk.tsx(6,1): error TS6133: 'SparklesIcon' is declared but its value is never read.
src/modules/module3/components/interactive/VoiceDrivenEditingDesk.tsx(13,12): error TS6133: 'error' is declared but its value is never read.
src/modules/module3/components/interactive/VoiceMorphStudio.tsx(3,48): error TS2307: Cannot find module '../../types' or its corresponding type declarations.
src/modules/module3/components/interactive/VoiceMorphStudio.tsx(4,25): error TS2307: Cannot find module '../../hooks/useAuth' or its corresponding type declarations.
src/modules/module3/components/interactive/VoiceMorphStudio.tsx(39,23): error TS2345: Argument of type 'string | undefined' is not assignable to parameter of type 'SetStateAction<string>'.
  Type 'undefined' is not assignable to type 'SetStateAction<string>'.
src/modules/module3/components/MainContent.tsx(2,30): error TS2307: Cannot find module '../types' or its corresponding type declarations.
src/modules/module3/components/MainContent.tsx(19,35): error TS7006: Parameter 'item' implicitly has an 'any' type.
src/modules/module3/components/MainContent.tsx(19,41): error TS7006: Parameter 'index' implicitly has an 'any' type.
src/modules/module3/components/MainContent.tsx(28,39): error TS7006: Parameter 'subSection' implicitly has an 'any' type.
src/modules/module3/components/SectionRenderer.tsx(4,43): error TS2307: Cannot find module '../types' or its corresponding type declarations.
src/modules/module3/components/SectionRenderer.tsx(184,40): error TS7006: Parameter 'li' implicitly has an 'any' type.
src/modules/module3/components/SectionRenderer.tsx(184,44): error TS7006: Parameter 'i' implicitly has an 'any' type.
src/modules/module3/components/Sidebar.tsx(2,30): error TS2307: Cannot find module '../types' or its corresponding type declarations.
src/modules/module3/components/Sidebar.tsx(3,25): error TS2307: Cannot find module '../hooks/useAuth' or its corresponding type declarations.
src/modules/module3/components/Sidebar.tsx(49,39): error TS7006: Parameter 'subSection' implicitly has an 'any' type.
src/modules/module3/data/curriculumData.ts(2,33): error TS2307: Cannot find module '../types' or its corresponding type declarations.
src/modules/module4/components/auth/LoginPage.tsx(2,25): error TS2307: Cannot find module '../../hooks/useAuth' or its corresponding type declarations.
src/modules/module4/components/GeminiChat.tsx(63,43): error TS2322: Type 'string | undefined' is not assignable to type 'string'.
  Type 'undefined' is not assignable to type 'string'.
src/modules/module4/components/Header.tsx(2,25): error TS2307: Cannot find module '../hooks/useAuth' or its corresponding type declarations.
src/modules/module4/components/Header.tsx(74,60): error TS7006: Parameter 'acc' implicitly has an 'any' type.
src/modules/module4/components/Header.tsx(74,65): error TS7006: Parameter 'section' implicitly has an 'any' type.
src/modules/module4/components/Header.tsx(75,72): error TS7006: Parameter 'id' implicitly has an 'any' type.
src/modules/module4/components/Header.tsx(87,55): error TS7006: Parameter 's' implicitly has an 'any' type.
src/modules/module4/components/Header.tsx(89,33): error TS7006: Parameter 'c' implicitly has an 'any' type.
src/modules/module4/components/Header.tsx(89,66): error TS7006: Parameter 'c' implicitly has an 'any' type.
src/modules/module4/components/Header.tsx(123,37): error TS2345: Argument of type 'string | undefined' is not assignable to parameter of type 'string'.
  Type 'undefined' is not assignable to type 'string'.
src/modules/module4/components/interactive/AgentSystemDesigner.tsx(2,48): error TS2307: Cannot find module '../../types' or its corresponding type declarations.
src/modules/module4/components/interactive/AgentSystemDesigner.tsx(3,25): error TS2307: Cannot find module '../../hooks/useAuth' or its corresponding type declarations.
src/modules/module4/components/interactive/AgentSystemDesigner.tsx(59,21): error TS2345: Argument of type 'string | undefined' is not assignable to parameter of type 'SetStateAction<string>'.
  Type 'undefined' is not assignable to type 'SetStateAction<string>'.
src/modules/module4/components/interactive/AiEthicsTracker.tsx(2,48): error TS2307: Cannot find module '../../types' or its corresponding type declarations.
src/modules/module4/components/interactive/AiEthicsTracker.tsx(3,25): error TS2307: Cannot find module '../../hooks/useAuth' or its corresponding type declarations.
src/modules/module4/components/interactive/AiEthicsTracker.tsx(33,37): error TS2345: Argument of type 'string | undefined' is not assignable to parameter of type 'string'.
  Type 'undefined' is not assignable to type 'string'.
src/modules/module4/components/interactive/AiGovernanceCardGenerator.tsx(2,48): error TS2307: Cannot find module '../../types' or its corresponding type declarations.
src/modules/module4/components/interactive/AiGovernanceCardGenerator.tsx(3,25): error TS2307: Cannot find module '../../hooks/useAuth' or its corresponding type declarations.
src/modules/module4/components/interactive/AiGovernanceCardGenerator.tsx(21,23): error TS2345: Argument of type 'string | undefined' is not assignable to parameter of type 'SetStateAction<string>'.
  Type 'undefined' is not assignable to type 'SetStateAction<string>'.
src/modules/module4/components/interactive/AiPaletteSynthesizer.tsx(2,48): error TS2307: Cannot find module '../../types' or its corresponding type declarations.
src/modules/module4/components/interactive/AiPaletteSynthesizer.tsx(3,25): error TS2307: Cannot find module '../../hooks/useAuth' or its corresponding type declarations.
src/modules/module4/components/interactive/AiPaletteSynthesizer.tsx(56,39): error TS2345: Argument of type 'string | undefined' is not assignable to parameter of type 'string'.
  Type 'undefined' is not assignable to type 'string'.
src/modules/module4/components/interactive/AiSystemsBlueprintVisualizer.tsx(2,48): error TS2307: Cannot find module '../../types' or its corresponding type declarations.
src/modules/module4/components/interactive/AiSystemsBlueprintVisualizer.tsx(3,25): error TS2307: Cannot find module '../../hooks/useAuth' or its corresponding type declarations.
src/modules/module4/components/interactive/AiSystemsBlueprintVisualizer.tsx(43,32): error TS18048: 'response.candidates' is possibly 'undefined'.
src/modules/module4/components/interactive/AiSystemsBlueprintVisualizer.tsx(43,32): error TS2532: Object is possibly 'undefined'.
src/modules/module4/components/interactive/AiSystemsBlueprintVisualizer.tsx(43,32): error TS2532: Object is possibly 'undefined'.
src/modules/module4/components/interactive/AiSystemsBlueprintVisualizer.tsx(45,27): error TS2322: Type 'string | undefined' is not assignable to type 'string'.
  Type 'undefined' is not assignable to type 'string'.
src/modules/module4/components/interactive/AmbientArchitect.tsx(3,48): error TS2307: Cannot find module '../../types' or its corresponding type declarations.
src/modules/module4/components/interactive/AmbientArchitect.tsx(4,25): error TS2307: Cannot find module '../../hooks/useAuth' or its corresponding type declarations.
src/modules/module4/components/interactive/AmbientArchitect.tsx(35,23): error TS2345: Argument of type 'string | undefined' is not assignable to parameter of type 'SetStateAction<string>'.
  Type 'undefined' is not assignable to type 'SetStateAction<string>'.
src/modules/module4/components/interactive/ArchitectureBuilderSandbox.tsx(2,48): error TS2307: Cannot find module '../../types' or its corresponding type declarations.
src/modules/module4/components/interactive/ArchitectureBuilderSandbox.tsx(3,25): error TS2307: Cannot find module '../../hooks/useAuth' or its corresponding type declarations.
src/modules/module4/components/interactive/ArchitectureBuilderSandbox.tsx(45,25): error TS2345: Argument of type 'string | undefined' is not assignable to parameter of type 'SetStateAction<string>'.
  Type 'undefined' is not assignable to type 'SetStateAction<string>'.
src/modules/module4/components/interactive/AudioVisualSyncLab.tsx(3,48): error TS2307: Cannot find module '../../types' or its corresponding type declarations.
src/modules/module4/components/interactive/AudioVisualSyncLab.tsx(4,25): error TS2307: Cannot find module '../../hooks/useAuth' or its corresponding type declarations.
src/modules/module4/components/interactive/AudioVisualSyncLab.tsx(37,23): error TS2345: Argument of type 'string | undefined' is not assignable to parameter of type 'SetStateAction<string>'.
  Type 'undefined' is not assignable to type 'SetStateAction<string>'.
src/modules/module4/components/interactive/BenefitSorter.tsx(2,25): error TS2307: Cannot find module '../../hooks/useAuth' or its corresponding type declarations.
src/modules/module4/components/interactive/BenefitSorter.tsx(3,48): error TS2307: Cannot find module '../../types' or its corresponding type declarations.
src/modules/module4/components/interactive/BenefitSorter.tsx(69,21): error TS2345: Argument of type 'string | undefined' is not assignable to parameter of type 'SetStateAction<string>'.
  Type 'undefined' is not assignable to type 'SetStateAction<string>'.
src/modules/module4/components/interactive/BusinessModelCanvas.tsx(4,48): error TS2307: Cannot find module '../../types' or its corresponding type declarations.
src/modules/module4/components/interactive/BusinessModelCanvas.tsx(5,25): error TS2307: Cannot find module '../../hooks/useAuth' or its corresponding type declarations.
src/modules/module4/components/interactive/BusinessModelCanvas.tsx(45,25): error TS2345: Argument of type 'string | undefined' is not assignable to parameter of type 'SetStateAction<string>'.
  Type 'undefined' is not assignable to type 'SetStateAction<string>'.
src/modules/module4/components/interactive/CinematicPromptSequencer.tsx(3,48): error TS2307: Cannot find module '../../types' or its corresponding type declarations.
src/modules/module4/components/interactive/CinematicPromptSequencer.tsx(4,25): error TS2307: Cannot find module '../../hooks/useAuth' or its corresponding type declarations.
src/modules/module4/components/interactive/CinematicPromptSequencer.tsx(37,23): error TS2345: Argument of type 'string | undefined' is not assignable to parameter of type 'SetStateAction<string>'.
  Type 'undefined' is not assignable to type 'SetStateAction<string>'.
src/modules/module4/components/interactive/CodeDebugger.tsx(2,25): error TS2307: Cannot find module '../../hooks/useAuth' or its corresponding type declarations.
src/modules/module4/components/interactive/CodeDebugger.tsx(3,48): error TS2307: Cannot find module '../../types' or its corresponding type declarations.
src/modules/module4/components/interactive/CodeDebugger.tsx(40,24): error TS2345: Argument of type 'string | undefined' is not assignable to parameter of type 'SetStateAction<string>'.
  Type 'undefined' is not assignable to type 'SetStateAction<string>'.
src/modules/module4/components/interactive/CompositorCanvasPro.tsx(2,48): error TS2307: Cannot find module '../../types' or its corresponding type declarations.
src/modules/module4/components/interactive/CompositorCanvasPro.tsx(3,25): error TS2307: Cannot find module '../../hooks/useAuth' or its corresponding type declarations.
src/modules/module4/components/interactive/CompositorCanvasPro.tsx(45,32): error TS18048: 'response.candidates' is possibly 'undefined'.
src/modules/module4/components/interactive/CompositorCanvasPro.tsx(45,32): error TS2532: Object is possibly 'undefined'.
src/modules/module4/components/interactive/CompositorCanvasPro.tsx(45,32): error TS2532: Object is possibly 'undefined'.
src/modules/module4/components/interactive/ContextWindowExplorer.tsx(3,48): error TS2307: Cannot find module '../../types' or its corresponding type declarations.
src/modules/module4/components/interactive/ContextWindowExplorer.tsx(4,25): error TS2307: Cannot find module '../../hooks/useAuth' or its corresponding type declarations.
src/modules/module4/components/interactive/ContextWindowExplorer.tsx(5,1): error TS6133: 'SparklesIcon' is declared but its value is never read.
src/modules/module4/components/interactive/ContextWindowExplorer.tsx(15,26): error TS6133: 'setDocumentText' is declared but its value is never read.
src/modules/module4/components/interactive/ContextWindowExplorer.tsx(56,24): error TS2345: Argument of type 'string | undefined' is not assignable to parameter of type 'SetStateAction<string>'.
  Type 'undefined' is not assignable to type 'SetStateAction<string>'.
src/modules/module4/components/interactive/DataDecisionFlowchartBuilder.tsx(2,48): error TS2307: Cannot find module '../../types' or its corresponding type declarations.
src/modules/module4/components/interactive/DataDecisionFlowchartBuilder.tsx(3,25): error TS2307: Cannot find module '../../hooks/useAuth' or its corresponding type declarations.
src/modules/module4/components/interactive/DataDecisionFlowchartBuilder.tsx(51,28): error TS2345: Argument of type 'string | undefined' is not assignable to parameter of type 'SetStateAction<string>'.
  Type 'undefined' is not assignable to type 'SetStateAction<string>'.
src/modules/module4/components/interactive/DataDriftRiskLens.tsx(2,48): error TS2307: Cannot find module '../../types' or its corresponding type declarations.
src/modules/module4/components/interactive/DataDriftRiskLens.tsx(3,25): error TS2307: Cannot find module '../../hooks/useAuth' or its corresponding type declarations.
src/modules/module4/components/interactive/DataDriftRiskLens.tsx(5,1): error TS6133: 'SparklesIcon' is declared but its value is never read.
src/modules/module4/components/interactive/DataDriftRiskLens.tsx(50,22): error TS2345: Argument of type 'string | undefined' is not assignable to parameter of type 'SetStateAction<string>'.
  Type 'undefined' is not assignable to type 'SetStateAction<string>'.
src/modules/module4/components/interactive/DataVisualizer.tsx(2,48): error TS2307: Cannot find module '../../types' or its corresponding type declarations.
src/modules/module4/components/interactive/DataVisualizer.tsx(3,25): error TS2307: Cannot find module '../../hooks/useAuth' or its corresponding type declarations.
src/modules/module4/components/interactive/DataVisualizer.tsx(24,11): error TS6198: All destructured elements are unused.
src/modules/module4/components/interactive/DiffusionFieldExplorer.tsx(3,48): error TS2307: Cannot find module '../../types' or its corresponding type declarations.
src/modules/module4/components/interactive/DiffusionFieldExplorer.tsx(4,25): error TS2307: Cannot find module '../../hooks/useAuth' or its corresponding type declarations.
src/modules/module4/components/interactive/DiffusionFieldExplorer.tsx(6,1): error TS6133: 'SparklesIcon' is declared but its value is never read.
src/modules/module4/components/interactive/DiffusionFieldExplorer.tsx(40,28): error TS2345: Argument of type 'string | undefined' is not assignable to parameter of type 'SetStateAction<string>'.
  Type 'undefined' is not assignable to type 'SetStateAction<string>'.
src/modules/module4/components/interactive/DockerCommandQuiz.tsx(2,25): error TS2307: Cannot find module '../../hooks/useAuth' or its corresponding type declarations.
src/modules/module4/components/interactive/DockerCommandQuiz.tsx(3,48): error TS2307: Cannot find module '../../types' or its corresponding type declarations.
src/modules/module4/components/interactive/DockerCommandQuiz.tsx(55,28): error TS2345: Argument of type 'string | undefined' is not assignable to parameter of type 'SetStateAction<string>'.
  Type 'undefined' is not assignable to type 'SetStateAction<string>'.
src/modules/module4/components/interactive/DreamspaceConstructor.tsx(2,48): error TS2307: Cannot find module '../../types' or its corresponding type declarations.
src/modules/module4/components/interactive/DreamspaceConstructor.tsx(3,25): error TS2307: Cannot find module '../../hooks/useAuth' or its corresponding type declarations.
src/modules/module4/components/interactive/DreamspaceConstructor.tsx(39,32): error TS18048: 'response.candidates' is possibly 'undefined'.
src/modules/module4/components/interactive/DreamspaceConstructor.tsx(39,32): error TS2532: Object is possibly 'undefined'.
src/modules/module4/components/interactive/DreamspaceConstructor.tsx(39,32): error TS2532: Object is possibly 'undefined'.
src/modules/module4/components/interactive/EmotionBlendMixer.tsx(2,48): error TS2307: Cannot find module '../../types' or its corresponding type declarations.
src/modules/module4/components/interactive/EmotionBlendMixer.tsx(3,25): error TS2307: Cannot find module '../../hooks/useAuth' or its corresponding type declarations.
src/modules/module4/components/interactive/EmotionBlendMixer.tsx(33,23): error TS2345: Argument of type 'string | undefined' is not assignable to parameter of type 'SetStateAction<string>'.
  Type 'undefined' is not assignable to type 'SetStateAction<string>'.
src/modules/module4/components/interactive/EnergyCarbonTracker.tsx(2,48): error TS2307: Cannot find module '../../types' or its corresponding type declarations.
src/modules/module4/components/interactive/EnergyCarbonTracker.tsx(3,25): error TS2307: Cannot find module '../../hooks/useAuth' or its corresponding type declarations.
src/modules/module4/components/interactive/EthicalBiasMirror.tsx(2,48): error TS2307: Cannot find module '../../types' or its corresponding type declarations.
src/modules/module4/components/interactive/EthicalBiasMirror.tsx(3,25): error TS2307: Cannot find module '../../hooks/useAuth' or its corresponding type declarations.
src/modules/module4/components/interactive/EthicalDilemmaSimulator.tsx(3,25): error TS2307: Cannot find module '../../hooks/useAuth' or its corresponding type declarations.
src/modules/module4/components/interactive/EthicalDilemmaSimulator.tsx(4,48): error TS2307: Cannot find module '../../types' or its corresponding type declarations.
src/modules/module4/components/interactive/EthicalDilemmaSimulator.tsx(36,25): error TS2345: Argument of type 'string | undefined' is not assignable to parameter of type 'SetStateAction<string | null>'.
  Type 'undefined' is not assignable to type 'SetStateAction<string | null>'.
src/modules/module4/components/interactive/EthicalStyleInspector.tsx(3,48): error TS2307: Cannot find module '../../types' or its corresponding type declarations.
src/modules/module4/components/interactive/EthicalStyleInspector.tsx(4,25): error TS2307: Cannot find module '../../hooks/useAuth' or its corresponding type declarations.
src/modules/module4/components/interactive/EthicalStyleInspector.tsx(35,23): error TS2345: Argument of type 'string | undefined' is not assignable to parameter of type 'SetStateAction<string>'.
  Type 'undefined' is not assignable to type 'SetStateAction<string>'.
src/modules/module4/components/interactive/ExplainabilityPanel.tsx(2,48): error TS2307: Cannot find module '../../types' or its corresponding type declarations.
src/modules/module4/components/interactive/ExplainabilityPanel.tsx(3,25): error TS2307: Cannot find module '../../hooks/useAuth' or its corresponding type declarations.
src/modules/module4/components/interactive/ExplainabilityPanel.tsx(32,30): error TS2345: Argument of type 'string | undefined' is not assignable to parameter of type 'SetStateAction<string>'.
  Type 'undefined' is not assignable to type 'SetStateAction<string>'.
src/modules/module4/components/interactive/ExplainabilityPanel.tsx(41,28): error TS2345: Argument of type 'string | undefined' is not assignable to parameter of type 'SetStateAction<string>'.
  Type 'undefined' is not assignable to type 'SetStateAction<string>'.
src/modules/module4/components/interactive/FundingPulseTicker.tsx(2,48): error TS2307: Cannot find module '../../types' or its corresponding type declarations.
src/modules/module4/components/interactive/FundingPulseTicker.tsx(3,25): error TS2307: Cannot find module '../../hooks/useAuth' or its corresponding type declarations.
src/modules/module4/components/interactive/FundingPulseTicker.tsx(33,37): error TS2345: Argument of type 'string | undefined' is not assignable to parameter of type 'string'.
  Type 'undefined' is not assignable to type 'string'.
src/modules/module4/components/interactive/FutureScenarioPoll.tsx(3,48): error TS2307: Cannot find module '../../types' or its corresponding type declarations.
src/modules/module4/components/interactive/FutureScenarioPoll.tsx(4,25): error TS2307: Cannot find module '../../hooks/useAuth' or its corresponding type declarations.
src/modules/module4/components/interactive/FutureScenarioPoll.tsx(31,23): error TS2345: Argument of type 'string | undefined' is not assignable to parameter of type 'SetStateAction<string>'.
  Type 'undefined' is not assignable to type 'SetStateAction<string>'.
src/modules/module4/components/interactive/GenerativeSculptor3D.tsx(2,48): error TS2307: Cannot find module '../../types' or its corresponding type declarations.
src/modules/module4/components/interactive/GenerativeSculptor3D.tsx(3,25): error TS2307: Cannot find module '../../hooks/useAuth' or its corresponding type declarations.
src/modules/module4/components/interactive/GenerativeSculptor3D.tsx(35,28): error TS2345: Argument of type 'string | undefined' is not assignable to parameter of type 'SetStateAction<string>'.
  Type 'undefined' is not assignable to type 'SetStateAction<string>'.
src/modules/module4/components/interactive/GestureAnimator.tsx(3,48): error TS2307: Cannot find module '../../types' or its corresponding type declarations.
src/modules/module4/components/interactive/GestureAnimator.tsx(4,25): error TS2307: Cannot find module '../../hooks/useAuth' or its corresponding type declarations.
src/modules/module4/components/interactive/GestureAnimator.tsx(37,23): error TS2345: Argument of type 'string | undefined' is not assignable to parameter of type 'SetStateAction<string>'.
  Type 'undefined' is not assignable to type 'SetStateAction<string>'.
src/modules/module4/components/interactive/ImagePromptEnhancer.tsx(4,48): error TS2307: Cannot find module '../../types' or its corresponding type declarations.
src/modules/module4/components/interactive/ImagePromptEnhancer.tsx(5,25): error TS2307: Cannot find module '../../hooks/useAuth' or its corresponding type declarations.
src/modules/module4/components/interactive/ImagePromptEnhancer.tsx(35,23): error TS2345: Argument of type 'string | undefined' is not assignable to parameter of type 'SetStateAction<string>'.
  Type 'undefined' is not assignable to type 'SetStateAction<string>'.
src/modules/module4/components/interactive/InteractiveChatbot.tsx(7,48): error TS2307: Cannot find module '../../types' or its corresponding type declarations.
src/modules/module4/components/interactive/InteractiveChatbot.tsx(8,25): error TS2307: Cannot find module '../../hooks/useAuth' or its corresponding type declarations.
src/modules/module4/components/interactive/InteractiveChatbot.tsx(16,28): error TS6133: 'updateProgress' is declared but its value is never read.
src/modules/module4/components/interactive/InteractiveChatbot.tsx(61,39): error TS2322: Type 'string | undefined' is not assignable to type 'string'.
  Type 'undefined' is not assignable to type 'string'.
src/modules/module4/components/interactive/InteractiveDebates.tsx(3,48): error TS2307: Cannot find module '../../types' or its corresponding type declarations.
src/modules/module4/components/interactive/InteractiveDebates.tsx(4,25): error TS2307: Cannot find module '../../hooks/useAuth' or its corresponding type declarations.
src/modules/module4/components/interactive/InteractiveDebates.tsx(6,1): error TS6133: 'SparklesIcon' is declared but its value is never read.
src/modules/module4/components/interactive/InteractiveDebates.tsx(22,12): error TS6133: 'error' is declared but its value is never read.
src/modules/module4/components/interactive/InteractiveDebates.tsx(42,25): error TS2345: Argument of type 'string | undefined' is not assignable to parameter of type 'SetStateAction<string>'.
  Type 'undefined' is not assignable to type 'SetStateAction<string>'.
src/modules/module4/components/interactive/JobImpactSimulator.tsx(2,48): error TS2307: Cannot find module '../../types' or its corresponding type declarations.
src/modules/module4/components/interactive/JobImpactSimulator.tsx(3,25): error TS2307: Cannot find module '../../hooks/useAuth' or its corresponding type declarations.
src/modules/module4/components/interactive/JobImpactSimulator.tsx(34,25): error TS2345: Argument of type 'string | undefined' is not assignable to parameter of type 'SetStateAction<string>'.
  Type 'undefined' is not assignable to type 'SetStateAction<string>'.
src/modules/module4/components/interactive/LangGraphVisualizer.tsx(2,48): error TS2307: Cannot find module '../../types' or its corresponding type declarations.
src/modules/module4/components/interactive/LangGraphVisualizer.tsx(20,67): error TS6133: 'interactiveId' is declared but its value is never read.
src/modules/module4/components/interactive/LightingPhysicsLab.tsx(2,48): error TS2307: Cannot find module '../../types' or its corresponding type declarations.
src/modules/module4/components/interactive/LightingPhysicsLab.tsx(3,25): error TS2307: Cannot find module '../../hooks/useAuth' or its corresponding type declarations.
src/modules/module4/components/interactive/LightingPhysicsLab.tsx(43,32): error TS18048: 'response.candidates' is possibly 'undefined'.
src/modules/module4/components/interactive/LightingPhysicsLab.tsx(43,32): error TS2532: Object is possibly 'undefined'.
src/modules/module4/components/interactive/LightingPhysicsLab.tsx(43,32): error TS2532: Object is possibly 'undefined'.
src/modules/module4/components/interactive/LivePatentRadar.tsx(2,48): error TS2307: Cannot find module '../../types' or its corresponding type declarations.
src/modules/module4/components/interactive/LivePatentRadar.tsx(3,25): error TS2307: Cannot find module '../../hooks/useAuth' or its corresponding type declarations.
src/modules/module4/components/interactive/LivePatentRadar.tsx(5,1): error TS6133: 'SparklesIcon' is declared but its value is never read.
src/modules/module4/components/interactive/LivePatentRadar.tsx(33,37): error TS2345: Argument of type 'string | undefined' is not assignable to parameter of type 'string'.
  Type 'undefined' is not assignable to type 'string'.
src/modules/module4/components/interactive/LossLandscapeNavigator.tsx(2,48): error TS2307: Cannot find module '../../types' or its corresponding type declarations.
src/modules/module4/components/interactive/LossLandscapeNavigator.tsx(3,25): error TS2307: Cannot find module '../../hooks/useAuth' or its corresponding type declarations.
src/modules/module4/components/interactive/LossLandscapeNavigator.tsx(35,28): error TS2345: Argument of type 'string | undefined' is not assignable to parameter of type 'SetStateAction<string>'.
  Type 'undefined' is not assignable to type 'SetStateAction<string>'.
src/modules/module4/components/interactive/MeetingSummarizer.tsx(4,48): error TS2307: Cannot find module '../../types' or its corresponding type declarations.
src/modules/module4/components/interactive/MeetingSummarizer.tsx(5,25): error TS2307: Cannot find module '../../hooks/useAuth' or its corresponding type declarations.
src/modules/module4/components/interactive/MeetingSummarizer.tsx(77,44): error TS2345: Argument of type 'string | undefined' is not assignable to parameter of type 'string'.
  Type 'undefined' is not assignable to type 'string'.
src/modules/module4/components/interactive/MelodyMakerAI.tsx(3,48): error TS2307: Cannot find module '../../types' or its corresponding type declarations.
src/modules/module4/components/interactive/MelodyMakerAI.tsx(4,25): error TS2307: Cannot find module '../../hooks/useAuth' or its corresponding type declarations.
src/modules/module4/components/interactive/MelodyMakerAI.tsx(39,23): error TS2345: Argument of type 'string | undefined' is not assignable to parameter of type 'SetStateAction<string>'.
  Type 'undefined' is not assignable to type 'SetStateAction<string>'.
src/modules/module4/components/interactive/MemoryDecayLab.tsx(2,48): error TS2307: Cannot find module '../../types' or its corresponding type declarations.
src/modules/module4/components/interactive/MemoryDecayLab.tsx(3,25): error TS2307: Cannot find module '../../hooks/useAuth' or its corresponding type declarations.
src/modules/module4/components/interactive/MemoryDecayLab.tsx(69,25): error TS2345: Argument of type 'string | undefined' is not assignable to parameter of type 'SetStateAction<string>'.
  Type 'undefined' is not assignable to type 'SetStateAction<string>'.
src/modules/module4/components/interactive/MemoryRecallTuner.tsx(2,48): error TS2307: Cannot find module '../../types' or its corresponding type declarations.
src/modules/module4/components/interactive/MemoryRecallTuner.tsx(3,25): error TS2307: Cannot find module '../../hooks/useAuth' or its corresponding type declarations.
src/modules/module4/components/interactive/MemoryRecallTuner.tsx(32,28): error TS2345: Argument of type 'string | undefined' is not assignable to parameter of type 'SetStateAction<string>'.
  Type 'undefined' is not assignable to type 'SetStateAction<string>'.
src/modules/module4/components/interactive/ModelArmsRaceTimeline.tsx(2,48): error TS2307: Cannot find module '../../types' or its corresponding type declarations.
src/modules/module4/components/interactive/ModelArmsRaceTimeline.tsx(12,69): error TS6133: 'interactiveId' is declared but its value is never read.
src/modules/module4/components/interactive/MotionPhysicsPlayground.tsx(3,48): error TS2307: Cannot find module '../../types' or its corresponding type declarations.
src/modules/module4/components/interactive/MotionPhysicsPlayground.tsx(4,25): error TS2307: Cannot find module '../../hooks/useAuth' or its corresponding type declarations.
src/modules/module4/components/interactive/MotionPhysicsPlayground.tsx(41,23): error TS2345: Argument of type 'string | undefined' is not assignable to parameter of type 'SetStateAction<string>'.
  Type 'undefined' is not assignable to type 'SetStateAction<string>'.
src/modules/module4/components/interactive/MultiAgentChatSandbox.tsx(2,48): error TS2307: Cannot find module '../../types' or its corresponding type declarations.
src/modules/module4/components/interactive/MultiAgentChatSandbox.tsx(3,25): error TS2307: Cannot find module '../../hooks/useAuth' or its corresponding type declarations.
src/modules/module4/components/interactive/MultiAgentChatSandbox.tsx(38,51): error TS2322: Type 'string | undefined' is not assignable to type 'string'.
  Type 'undefined' is not assignable to type 'string'.
src/modules/module4/components/interactive/MultiAgentChatSandbox.tsx(45,54): error TS2322: Type 'string | undefined' is not assignable to type 'string'.
  Type 'undefined' is not assignable to type 'string'.
src/modules/module4/components/interactive/MultiAgentChatSandbox.tsx(52,50): error TS2322: Type 'string | undefined' is not assignable to type 'string'.
  Type 'undefined' is not assignable to type 'string'.
src/modules/module4/components/interactive/NeuralEvolutionChronicle.tsx(2,48): error TS2307: Cannot find module '../../types' or its corresponding type declarations.
src/modules/module4/components/interactive/NeuralEvolutionChronicle.tsx(3,25): error TS2307: Cannot find module '../../hooks/useAuth' or its corresponding type declarations.
src/modules/module4/components/interactive/NeuralEvolutionChronicle.tsx(34,28): error TS2345: Argument of type 'string | undefined' is not assignable to parameter of type 'SetStateAction<string>'.
  Type 'undefined' is not assignable to type 'SetStateAction<string>'.
src/modules/module4/components/interactive/OrbitalHabitatDesigner.tsx(3,48): error TS2307: Cannot find module '../../types' or its corresponding type declarations.
src/modules/module4/components/interactive/OrbitalHabitatDesigner.tsx(4,25): error TS2307: Cannot find module '../../hooks/useAuth' or its corresponding type declarations.
src/modules/module4/components/interactive/OrbitalHabitatDesigner.tsx(40,32): error TS18048: 'imgResponse.candidates' is possibly 'undefined'.
src/modules/module4/components/interactive/OrbitalHabitatDesigner.tsx(40,32): error TS2532: Object is possibly 'undefined'.
src/modules/module4/components/interactive/OrbitalHabitatDesigner.tsx(40,32): error TS2532: Object is possibly 'undefined'.
src/modules/module4/components/interactive/OrbitalHabitatDesigner.tsx(57,24): error TS2345: Argument of type 'string | undefined' is not assignable to parameter of type 'SetStateAction<string>'.
  Type 'undefined' is not assignable to type 'SetStateAction<string>'.
src/modules/module4/components/interactive/ParameterUniverseExplorer.tsx(2,48): error TS2307: Cannot find module '../../types' or its corresponding type declarations.
src/modules/module4/components/interactive/ParameterUniverseExplorer.tsx(3,25): error TS2307: Cannot find module '../../hooks/useAuth' or its corresponding type declarations.
src/modules/module4/components/interactive/ParameterUniverseExplorer.tsx(40,28): error TS2345: Argument of type 'string | undefined' is not assignable to parameter of type 'SetStateAction<string>'.
  Type 'undefined' is not assignable to type 'SetStateAction<string>'.
src/modules/module4/components/interactive/PatternGenomeSynthesizer.tsx(3,48): error TS2307: Cannot find module '../../types' or its corresponding type declarations.
src/modules/module4/components/interactive/PatternGenomeSynthesizer.tsx(4,25): error TS2307: Cannot find module '../../hooks/useAuth' or its corresponding type declarations.
src/modules/module4/components/interactive/PatternGenomeSynthesizer.tsx(54,37): error TS2345: Argument of type 'string | undefined' is not assignable to parameter of type 'string'.
  Type 'undefined' is not assignable to type 'string'.
src/modules/module4/components/interactive/PersonalizationSimulator.tsx(2,48): error TS2307: Cannot find module '../../types' or its corresponding type declarations.
src/modules/module4/components/interactive/PersonalizationSimulator.tsx(3,25): error TS2307: Cannot find module '../../hooks/useAuth' or its corresponding type declarations.
src/modules/module4/components/interactive/PersonalizationSimulator.tsx(71,47): error TS2345: Argument of type 'string | undefined' is not assignable to parameter of type 'string'.
  Type 'undefined' is not assignable to type 'string'.
src/modules/module4/components/interactive/PhysicsPainter.tsx(3,48): error TS2307: Cannot find module '../../types' or its corresponding type declarations.
src/modules/module4/components/interactive/PhysicsPainter.tsx(4,25): error TS2307: Cannot find module '../../hooks/useAuth' or its corresponding type declarations.
src/modules/module4/components/interactive/PhysicsPainter.tsx(35,23): error TS2345: Argument of type 'string | undefined' is not assignable to parameter of type 'SetStateAction<string>'.
  Type 'undefined' is not assignable to type 'SetStateAction<string>'.
src/modules/module4/components/interactive/PitchBuilder.tsx(3,25): error TS2307: Cannot find module '../../hooks/useAuth' or its corresponding type declarations.
src/modules/module4/components/interactive/PitchBuilder.tsx(4,48): error TS2307: Cannot find module '../../types' or its corresponding type declarations.
src/modules/module4/components/interactive/PitchBuilder.tsx(44,29): error TS2345: Argument of type 'string | undefined' is not assignable to parameter of type 'SetStateAction<string>'.
  Type 'undefined' is not assignable to type 'SetStateAction<string>'.
src/modules/module4/components/interactive/PoeticFusionGenerator.tsx(2,48): error TS2307: Cannot find module '../../types' or its corresponding type declarations.
src/modules/module4/components/interactive/PoeticFusionGenerator.tsx(3,25): error TS2307: Cannot find module '../../hooks/useAuth' or its corresponding type declarations.
src/modules/module4/components/interactive/PoeticFusionGenerator.tsx(36,21): error TS2345: Argument of type 'string | undefined' is not assignable to parameter of type 'SetStateAction<string>'.
  Type 'undefined' is not assignable to type 'SetStateAction<string>'.
src/modules/module4/components/interactive/PoeticFusionGenerator.tsx(49,25): error TS2345: Argument of type 'string | undefined' is not assignable to parameter of type 'SetStateAction<string>'.
  Type 'undefined' is not assignable to type 'SetStateAction<string>'.
src/modules/module4/components/interactive/PrivacyLensDashboard.tsx(2,48): error TS2307: Cannot find module '../../types' or its corresponding type declarations.
src/modules/module4/components/interactive/PrivacyLensDashboard.tsx(3,25): error TS2307: Cannot find module '../../hooks/useAuth' or its corresponding type declarations.
src/modules/module4/components/interactive/PrivacyLensDashboard.tsx(73,37): error TS2345: Argument of type 'string | undefined' is not assignable to parameter of type 'string'.
  Type 'undefined' is not assignable to type 'string'.
src/modules/module4/components/interactive/ProfessionalEmailWriter.tsx(4,48): error TS2307: Cannot find module '../../types' or its corresponding type declarations.
src/modules/module4/components/interactive/ProfessionalEmailWriter.tsx(5,25): error TS2307: Cannot find module '../../hooks/useAuth' or its corresponding type declarations.
src/modules/module4/components/interactive/ProfessionalEmailWriter.tsx(37,23): error TS2345: Argument of type 'string | undefined' is not assignable to parameter of type 'SetStateAction<string>'.
  Type 'undefined' is not assignable to type 'SetStateAction<string>'.
src/modules/module4/components/interactive/ProjectSubmission.tsx(2,25): error TS2307: Cannot find module '../../hooks/useAuth' or its corresponding type declarations.
src/modules/module4/components/interactive/PromptArchitectWorkbench.tsx(2,48): error TS2307: Cannot find module '../../types' or its corresponding type declarations.
src/modules/module4/components/interactive/PromptArchitectWorkbench.tsx(3,25): error TS2307: Cannot find module '../../hooks/useAuth' or its corresponding type declarations.
src/modules/module4/components/interactive/PromptArchitectWorkbench.tsx(47,17): error TS2322: Type 'string | undefined' is not assignable to type 'string'.
  Type 'undefined' is not assignable to type 'string'.
src/modules/module4/components/interactive/PromptArchitectWorkbench.tsx(82,32): error TS18048: 'response.candidates' is possibly 'undefined'.
src/modules/module4/components/interactive/PromptArchitectWorkbench.tsx(82,32): error TS2532: Object is possibly 'undefined'.
src/modules/module4/components/interactive/PromptArchitectWorkbench.tsx(82,32): error TS2532: Object is possibly 'undefined'.
src/modules/module4/components/interactive/PromptArchitectWorkbench.tsx(84,27): error TS2322: Type 'string | undefined' is not assignable to type 'string'.
  Type 'undefined' is not assignable to type 'string'.
src/modules/module4/components/interactive/PromptHealthDashboard.tsx(2,48): error TS2307: Cannot find module '../../types' or its corresponding type declarations.
src/modules/module4/components/interactive/PromptHealthDashboard.tsx(3,25): error TS2307: Cannot find module '../../hooks/useAuth' or its corresponding type declarations.
src/modules/module4/components/interactive/PromptHealthDashboard.tsx(52,25): error TS2345: Argument of type 'string | undefined' is not assignable to parameter of type 'SetStateAction<string>'.
  Type 'undefined' is not assignable to type 'SetStateAction<string>'.
src/modules/module4/components/interactive/PromptMutationStudio.tsx(2,48): error TS2307: Cannot find module '../../types' or its corresponding type declarations.
src/modules/module4/components/interactive/PromptMutationStudio.tsx(3,25): error TS2307: Cannot find module '../../hooks/useAuth' or its corresponding type declarations.
src/modules/module4/components/interactive/PromptMutationStudio.tsx(38,48): error TS2345: Argument of type 'string | undefined' is not assignable to parameter of type 'string'.
  Type 'undefined' is not assignable to type 'string'.
src/modules/module4/components/interactive/RlhfTrainerGame.tsx(2,48): error TS2307: Cannot find module '../../types' or its corresponding type declarations.
src/modules/module4/components/interactive/RlhfTrainerGame.tsx(3,25): error TS2307: Cannot find module '../../hooks/useAuth' or its corresponding type declarations.
src/modules/module4/components/interactive/RlhfTrainerGame.tsx(82,28): error TS2345: Argument of type 'string | undefined' is not assignable to parameter of type 'SetStateAction<string>'.
  Type 'undefined' is not assignable to type 'SetStateAction<string>'.
src/modules/module4/components/interactive/RobotSimulator.tsx(58,21): error TS18048: 'response.text' is possibly 'undefined'.
src/modules/module4/components/interactive/SceneDirectorXR.tsx(3,48): error TS2307: Cannot find module '../../types' or its corresponding type declarations.
src/modules/module4/components/interactive/SceneDirectorXR.tsx(4,25): error TS2307: Cannot find module '../../hooks/useAuth' or its corresponding type declarations.
src/modules/module4/components/interactive/SceneDirectorXR.tsx(36,23): error TS2345: Argument of type 'string | undefined' is not assignable to parameter of type 'SetStateAction<string>'.
  Type 'undefined' is not assignable to type 'SetStateAction<string>'.
src/modules/module4/components/interactive/SdgMatcher.tsx(44,28): error TS2345: Argument of type 'string | undefined' is not assignable to parameter of type 'SetStateAction<string>'.
  Type 'undefined' is not assignable to type 'SetStateAction<string>'.
src/modules/module4/components/interactive/SimplePredictiveModel.tsx(32,25): error TS2345: Argument of type 'string | undefined' is not assignable to parameter of type 'SetStateAction<string>'.
  Type 'undefined' is not assignable to type 'SetStateAction<string>'.
src/modules/module4/components/interactive/SkytowerArchitect.tsx(3,48): error TS2307: Cannot find module '../../types' or its corresponding type declarations.
src/modules/module4/components/interactive/SkytowerArchitect.tsx(4,25): error TS2307: Cannot find module '../../hooks/useAuth' or its corresponding type declarations.
src/modules/module4/components/interactive/SkytowerArchitect.tsx(38,32): error TS18048: 'response.candidates' is possibly 'undefined'.
src/modules/module4/components/interactive/SkytowerArchitect.tsx(38,32): error TS2532: Object is possibly 'undefined'.
src/modules/module4/components/interactive/SkytowerArchitect.tsx(38,32): error TS2532: Object is possibly 'undefined'.
src/modules/module4/components/interactive/SkytowerArchitect.tsx(71,25): error TS2345: Argument of type 'string | undefined' is not assignable to parameter of type 'SetStateAction<string>'.
  Type 'undefined' is not assignable to type 'SetStateAction<string>'.
src/modules/module4/components/interactive/SoundfieldComposer.tsx(3,48): error TS2307: Cannot find module '../../types' or its corresponding type declarations.
src/modules/module4/components/interactive/SoundfieldComposer.tsx(4,25): error TS2307: Cannot find module '../../hooks/useAuth' or its corresponding type declarations.
src/modules/module4/components/interactive/SoundfieldComposer.tsx(38,23): error TS2345: Argument of type 'string | undefined' is not assignable to parameter of type 'SetStateAction<string>'.
  Type 'undefined' is not assignable to type 'SetStateAction<string>'.
src/modules/module4/components/interactive/SpatialNarrativeEngine.tsx(2,48): error TS2307: Cannot find module '../../types' or its corresponding type declarations.
src/modules/module4/components/interactive/SpatialNarrativeEngine.tsx(3,25): error TS2307: Cannot find module '../../hooks/useAuth' or its corresponding type declarations.
src/modules/module4/components/interactive/SpatialNarrativeEngine.tsx(39,32): error TS18048: 'response.candidates' is possibly 'undefined'.
src/modules/module4/components/interactive/SpatialNarrativeEngine.tsx(39,32): error TS2532: Object is possibly 'undefined'.
src/modules/module4/components/interactive/SpatialNarrativeEngine.tsx(39,32): error TS2532: Object is possibly 'undefined'.
src/modules/module4/components/interactive/SpeechEmotionAnalyzer.tsx(3,48): error TS2307: Cannot find module '../../types' or its corresponding type declarations.
src/modules/module4/components/interactive/SpeechEmotionAnalyzer.tsx(4,25): error TS2307: Cannot find module '../../hooks/useAuth' or its corresponding type declarations.
src/modules/module4/components/interactive/SpeechEmotionAnalyzer.tsx(37,23): error TS2345: Argument of type 'string | undefined' is not assignable to parameter of type 'SetStateAction<string>'.
  Type 'undefined' is not assignable to type 'SetStateAction<string>'.
src/modules/module4/components/interactive/StoryboardForgePlus.tsx(3,48): error TS2307: Cannot find module '../../types' or its corresponding type declarations.
src/modules/module4/components/interactive/StoryboardForgePlus.tsx(4,25): error TS2307: Cannot find module '../../hooks/useAuth' or its corresponding type declarations.
src/modules/module4/components/interactive/StoryboardForgePlus.tsx(58,37): error TS2345: Argument of type 'string | undefined' is not assignable to parameter of type 'string'.
  Type 'undefined' is not assignable to type 'string'.
src/modules/module4/components/interactive/TextureAlchemyLab.tsx(3,48): error TS2307: Cannot find module '../../types' or its corresponding type declarations.
src/modules/module4/components/interactive/TextureAlchemyLab.tsx(4,25): error TS2307: Cannot find module '../../hooks/useAuth' or its corresponding type declarations.
src/modules/module4/components/interactive/TextureAlchemyLab.tsx(39,23): error TS2345: Argument of type 'string | undefined' is not assignable to parameter of type 'SetStateAction<string>'.
  Type 'undefined' is not assignable to type 'SetStateAction<string>'.
src/modules/module4/components/interactive/TokenEconomySimulator.tsx(2,48): error TS2307: Cannot find module '../../types' or its corresponding type declarations.
src/modules/module4/components/interactive/TokenEconomySimulator.tsx(3,25): error TS2307: Cannot find module '../../hooks/useAuth' or its corresponding type declarations.
src/modules/module4/components/interactive/TokenEconomySimulator.tsx(40,25): error TS2345: Argument of type 'string | undefined' is not assignable to parameter of type 'SetStateAction<string>'.
  Type 'undefined' is not assignable to type 'SetStateAction<string>'.
src/modules/module4/components/interactive/UiFeedback.tsx(3,48): error TS2307: Cannot find module '../../types' or its corresponding type declarations.
src/modules/module4/components/interactive/UiFeedback.tsx(4,25): error TS2307: Cannot find module '../../hooks/useAuth' or its corresponding type declarations.
src/modules/module4/components/interactive/UiFeedback.tsx(38,24): error TS2345: Argument of type 'string | undefined' is not assignable to parameter of type 'SetStateAction<string>'.
  Type 'undefined' is not assignable to type 'SetStateAction<string>'.
src/modules/module4/components/interactive/VoiceDrivenEditingDesk.tsx(6,1): error TS6133: 'SparklesIcon' is declared but its value is never read.
src/modules/module4/components/interactive/VoiceDrivenEditingDesk.tsx(13,12): error TS6133: 'error' is declared but its value is never read.
src/modules/module4/components/interactive/VoiceMorphStudio.tsx(3,48): error TS2307: Cannot find module '../../types' or its corresponding type declarations.
src/modules/module4/components/interactive/VoiceMorphStudio.tsx(4,25): error TS2307: Cannot find module '../../hooks/useAuth' or its corresponding type declarations.
src/modules/module4/components/interactive/VoiceMorphStudio.tsx(39,23): error TS2345: Argument of type 'string | undefined' is not assignable to parameter of type 'SetStateAction<string>'.
  Type 'undefined' is not assignable to type 'SetStateAction<string>'.
src/modules/module4/components/MainContent.tsx(2,30): error TS2307: Cannot find module '../types' or its corresponding type declarations.
src/modules/module4/components/MainContent.tsx(27,35): error TS7006: Parameter 'item' implicitly has an 'any' type.
src/modules/module4/components/MainContent.tsx(27,41): error TS7006: Parameter 'index' implicitly has an 'any' type.
src/modules/module4/components/MainContent.tsx(34,39): error TS7006: Parameter 'subSection' implicitly has an 'any' type.
src/modules/module4/components/SectionRenderer.tsx(2,43): error TS2307: Cannot find module '../types' or its corresponding type declarations.
src/modules/module4/components/SectionRenderer.tsx(208,40): error TS7006: Parameter 'li' implicitly has an 'any' type.
src/modules/module4/components/SectionRenderer.tsx(208,44): error TS7006: Parameter 'i' implicitly has an 'any' type.
src/modules/module4/components/Sidebar.tsx(2,30): error TS2307: Cannot find module '../types' or its corresponding type declarations.
src/modules/module4/components/Sidebar.tsx(3,25): error TS2307: Cannot find module '../hooks/useAuth' or its corresponding type declarations.
src/modules/module4/components/Sidebar.tsx(69,39): error TS7006: Parameter 'subSection' implicitly has an 'any' type.
src/modules/module4/data/curriculumData.ts(1,33): error TS2307: Cannot find module '../types' or its corresponding type declarations.
src/pages/AdminDashboard.tsx(122,7): error TS6133: 'QuickAction' is declared but its value is never read.
src/pages/AdminStudents.tsx(5,36): error TS6133: 'createAssignment' is declared but its value is never read.
src/pages/AdminStudents.tsx(11,12): error TS6133: 'showAssignModal' is declared but its value is never read.
src/pages/CertificatePage.tsx(3,71): error TS2459: Module '"../services/CertificateService"' declares 'Certificate' locally, but it is not exported.
