src/components/ActivityTimeline.tsx(12,15): error TS6133: 'now' is declared but its value is never read.
src/contexts/AdminContext.tsx(105,22): error TS6133: 'setMessages' is declared but its value is never read.
src/contexts/AdminContext.tsx(106,26): error TS6133: 'setActivityFeed' is declared but its value is never read.
src/contexts/AdminContext.tsx(141,19): error TS6133: 'currentUser' is declared but its value is never read.
src/contexts/AdminContext.tsx(177,69): error TS6133: 'body' is declared but its value is never read.
src/contexts/AdminContext.tsx(177,83): error TS6133: 'type' is declared but its value is never read.
src/main.tsx(1,1): error TS6133: 'React' is declared but its value is never read.
src/modules/module1/components/CompletionCelebration.tsx(161,54): error TS2339: Property 'points' does not exist on type 'User'.
src/modules/module1/components/CompletionCelebration.tsx(162,59): error TS2339: Property 'progress' does not exist on type 'User'.
src/modules/module1/components/GeminiChat.tsx(24,9): error TS6133: 'user' is declared but its value is never read.
src/modules/module1/components/Header.tsx(28,19): error TS2339: Property 'resetProgress' does not exist on type 'AuthContextType'.
src/modules/module1/components/Header.tsx(157,196): error TS2339: Property 'points' does not exist on type 'User'.
src/modules/module1/components/interactive/AgentSystemDesigner.tsx(21,10): error TS6133: 'correct' is declared but its value is never read.
src/modules/module1/components/interactive/AgentSystemDesigner.tsx(51,9): error TS7053: Element implicitly has an 'any' type because expression of type 'number' can't be used to index type '{ 1: string; 2: string; 3: string; 4: string; }'.
  No index signature with a parameter of type 'number' was found on type '{ 1: string; 2: string; 3: string; 4: string; }'.
src/modules/module1/components/interactive/AgentSystemDesigner.tsx(58,60): error TS7053: Element implicitly has an 'any' type because expression of type 'number' can't be used to index type '{ 1: string; 2: string; 3: string; 4: string; }'.
  No index signature with a parameter of type 'number' was found on type '{ 1: string; 2: string; 3: string; 4: string; }'.
src/modules/module1/components/interactive/AiControlPanel.tsx(182,11): error TS6133: 'estimatedTokenCount' is declared but its value is never read.
src/modules/module1/components/interactive/AmbientArchitect.tsx(14,11): error TS6133: 'audioRef' is declared but its value is never read.
src/modules/module1/components/interactive/ContextWindowExplorer.tsx(11,26): error TS6133: 'setDocumentText' is declared but its value is never read.
src/modules/module1/components/interactive/DiffusionFieldExplorer.tsx(6,1): error TS6133: 'SparklesIcon' is declared but its value is never read.
src/modules/module1/components/interactive/DockerCommandQuiz.tsx(24,46): error TS6133: 'getModuleProgress' is declared but its value is never read.
src/modules/module1/components/interactive/DockerCommandQuiz.tsx(49,17): error TS2304: Cannot find name 'user'.
src/modules/module1/components/interactive/DockerCommandQuiz.tsx(49,26): error TS2304: Cannot find name 'user'.
src/modules/module1/components/interactive/DockerCommandQuiz.tsx(51,17): error TS2554: Expected 2 arguments, but got 1.
src/modules/module1/components/interactive/DockerCommandQuiz.tsx(71,20): error TS2552: Cannot find name 'moduleProgress'. Did you mean 'getModuleProgress'?
src/modules/module1/components/interactive/EnergyCarbonTracker.tsx(14,7): error TS6133: 'CAR_DIST_PER_G_CO2' is declared but its value is never read.
src/modules/module1/components/interactive/EthicalDilemmaSimulator.tsx(6,6): error TS6196: 'Framework' is declared but never used.
src/modules/module1/components/interactive/FeatureExplorer.tsx(34,53): error TS6133: 'i' is declared but its value is never read.
src/modules/module1/components/interactive/FeatureExplorer.tsx(56,47): error TS6133: 'i' is declared but its value is never read.
src/modules/module1/components/interactive/LivePatentRadar.tsx(5,1): error TS6133: 'SparklesIcon' is declared but its value is never read.
src/modules/module1/components/interactive/LlmPipelineVisualizer.tsx(20,26): error TS6133: 'i' is declared but its value is never read.
src/modules/module1/components/interactive/MeetingSummarizer.tsx(3,1): error TS6133: 'ListIcon' is declared but its value is never read.
src/modules/module1/components/interactive/ModelArmsRaceTimeline.tsx(12,69): error TS6133: 'interactiveId' is declared but its value is never read.
src/modules/module1/components/interactive/MultiAgentChatSandbox.tsx(75,65): error TS7053: Element implicitly has an 'any' type because expression of type 'string' can't be used to index type '{ Planner: { color: string; icon: string; }; Researcher: { color: string; icon: string; }; Writer: { color: string; icon: string; }; Critic: { color: string; icon: string; }; }'.
  No index signature with a parameter of type 'string' was found on type '{ Planner: { color: string; icon: string; }; Researcher: { color: string; icon: string; }; Writer: { color: string; icon: string; }; Critic: { color: string; icon: string; }; }'.
src/modules/module1/components/interactive/MultiAgentChatSandbox.tsx(75,159): error TS7053: Element implicitly has an 'any' type because expression of type 'string' can't be used to index type '{ Planner: { color: string; icon: string; }; Researcher: { color: string; icon: string; }; Writer: { color: string; icon: string; }; Critic: { color: string; icon: string; }; }'.
  No index signature with a parameter of type 'string' was found on type '{ Planner: { color: string; icon: string; }; Researcher: { color: string; icon: string; }; Writer: { color: string; icon: string; }; Critic: { color: string; icon: string; }; }'.
src/modules/module1/components/interactive/NeuralNetworkPlayground.tsx(1,38): error TS6133: 'useRef' is declared but its value is never read.
src/modules/module1/components/interactive/PhysicsPainter.tsx(6,46): error TS6133: 'getModuleProgress' is declared but its value is never read.
src/modules/module1/components/interactive/PhysicsPainter.tsx(11,13): error TS2304: Cannot find name 'user'.
src/modules/module1/components/interactive/PhysicsPainter.tsx(11,22): error TS2304: Cannot find name 'user'.
src/modules/module1/components/interactive/PromptCraftLab.tsx(291,48): error TS6133: 'i' is declared but its value is never read.
src/modules/module1/components/interactive/TextToAppGenerator.tsx(2,38): error TS6133: 'useRef' is declared but its value is never read.
src/modules/module1/components/interactive/WhatIsAiExplainer.tsx(2,41): error TS2307: Cannot find module 'framer-motion' or its corresponding type declarations.
src/modules/module1/components/interactive/WhatIsAiExplainer.tsx(3,44): error TS2307: Cannot find module 'lucide-react' or its corresponding type declarations.
src/modules/module1/components/SectionRenderer.tsx(307,17): error TS2322: Type '"python" | "solidity" | "bash" | "javascript" | "plaintext" | "json" | "markdown" | "text"' is not assignable to type '"python" | "solidity" | "bash" | "javascript"'.
  Type '"plaintext"' is not assignable to type '"python" | "solidity" | "bash" | "javascript"'.
src/modules/module1/services/aiService.ts(8,23): error TS6133: 'msg' is declared but its value is never read.
src/modules/module1/services/aiService.ts(16,15): error TS6133: 'config' is declared but its value is never read.
src/modules/module1/services/aiService.ts(19,27): error TS6133: 'prompt' is declared but its value is never read.
src/modules/module1/services/aiService.ts(31,24): error TS6133: 'config' is declared but its value is never read.
src/modules/module1/services/aiService.ts(37,18): error TS6133: 'config' is declared but its value is never read.
src/modules/module1/services/aiService.ts(41,33): error TS6133: 'config' is declared but its value is never read.
src/modules/module2/components/auth/LoginPage.tsx(10,13): error TS2339: Property 'login' does not exist on type '{ user: { progress: { completedSections: string[]; completedInteractives: string[]; }; points: number; email: string; name: string; picture?: string | undefined; createdAt: string; totalPoints: number; modules: { ...; }; finalCertificationId: string | null; finalCertificationHash: string | null; sessionHistory: Sess...'.
src/modules/module2/components/auth/LoginPage.tsx(10,20): error TS2339: Property 'signup' does not exist on type '{ user: { progress: { completedSections: string[]; completedInteractives: string[]; }; points: number; email: string; name: string; picture?: string | undefined; createdAt: string; totalPoints: number; modules: { ...; }; finalCertificationId: string | null; finalCertificationHash: string | null; sessionHistory: Sess...'.
src/modules/module2/components/GeminiChat.tsx(63,43): error TS2322: Type 'string | undefined' is not assignable to type 'string'.
  Type 'undefined' is not assignable to type 'string'.
src/modules/module2/components/interactive/AgentSystemDesigner.tsx(1,27): error TS6133: 'useEffect' is declared but its value is never read.
src/modules/module2/components/interactive/AgentSystemDesigner.tsx(7,7): error TS6133: 'TASK' is declared but its value is never read.
src/modules/module2/components/interactive/AlgorithmVisualizer.tsx(29,44): error TS6133: 'i' is declared but its value is never read.
src/modules/module2/components/interactive/AudioVisualSyncLab.tsx(6,1): error TS6133: 'CheckIcon' is declared but its value is never read.
src/modules/module2/components/interactive/AudioVisualSyncLab.tsx(7,1): error TS6133: 'CloseIcon' is declared but its value is never read.
src/modules/module2/components/interactive/CapstoneAgentBuilder.tsx(2,27): error TS6133: 'useEffect' is declared but its value is never read.
src/modules/module2/components/interactive/ContextWindowExplorer.tsx(5,1): error TS6133: 'SparklesIcon' is declared but its value is never read.
src/modules/module2/components/interactive/ContextWindowExplorer.tsx(15,26): error TS6133: 'setDocumentText' is declared but its value is never read.
src/modules/module2/components/interactive/DiffusionFieldExplorer.tsx(6,1): error TS6133: 'SparklesIcon' is declared but its value is never read.
src/modules/module2/components/interactive/EthicalBiasMirror.tsx(22,24): error TS2339: Property 'updateModuleProgress' does not exist on type '{ user: { progress: { completedSections: string[]; completedInteractives: string[]; }; points: number; email: string; name: string; picture?: string | undefined; createdAt: string; totalPoints: number; modules: { ...; }; finalCertificationId: string | null; finalCertificationHash: string | null; sessionHistory: Sess...'.
src/modules/module2/components/interactive/EthicalBiasMirror.tsx(143,30): error TS2554: Expected 1 arguments, but got 2.
src/modules/module2/components/interactive/EventOpsLab.tsx(6,1): error TS6133: 'CheckIcon' is declared but its value is never read.
src/modules/module2/components/interactive/EventOpsLab.tsx(7,1): error TS6133: 'CloseIcon' is declared but its value is never read.
src/modules/module2/components/interactive/FuelOrbs.tsx(2,38): error TS6133: 'useRef' is declared but its value is never read.
src/modules/module2/components/interactive/FuelOrbs.tsx(21,24): error TS6133: 'prev' is declared but its value is never read.
src/modules/module2/components/interactive/HitlLab.tsx(5,1): error TS6133: 'SparklesIcon' is declared but its value is never read.
src/modules/module2/components/interactive/HitlLab.tsx(7,1): error TS6133: 'CloseIcon' is declared but its value is never read.
src/modules/module2/components/interactive/InteractiveDebates.tsx(6,1): error TS6133: 'SparklesIcon' is declared but its value is never read.
src/modules/module2/components/interactive/InteractiveDebates.tsx(22,12): error TS6133: 'error' is declared but its value is never read.
src/modules/module2/components/interactive/JurisdictionAwareRag.tsx(54,17): error TS6133: 'reason' is declared but its value is never read.
src/modules/module2/components/interactive/LangGraphVisualizer.tsx(2,27): error TS6133: 'useEffect' is declared but its value is never read.
src/modules/module2/components/interactive/LivePatentRadar.tsx(5,1): error TS6133: 'SparklesIcon' is declared but its value is never read.
src/modules/module2/components/interactive/MemoryVaultXR.tsx(1,35): error TS6133: 'useEffect' is declared but its value is never read.
src/modules/module2/components/interactive/PrivacyLensDashboard.tsx(34,26): error TS6133: 'result' is declared but its value is never read.
src/modules/module2/components/interactive/RagBuilder.tsx(2,27): error TS6133: 'useEffect' is declared but its value is never read.
src/modules/module2/components/interactive/RlhfTrainerGame.tsx(2,38): error TS6133: 'useRef' is declared but its value is never read.
src/modules/module2/components/interactive/SchedulePlanner.tsx(210,50): error TS6133: 'index' is declared but its value is never read.
src/modules/module2/components/interactive/TokenEconomySimulator.tsx(2,38): error TS6133: 'useRef' is declared but its value is never read.
src/modules/module2/components/interactive/TokenEconomySimulator.tsx(5,1): error TS6133: 'SparklesIcon' is declared but its value is never read.
src/modules/module2/components/interactive/TokenEconomySimulator.tsx(7,1): error TS6133: 'RefreshIcon' is declared but its value is never read.
src/modules/module2/components/interactive/TokenEconomySimulator.tsx(107,12): error TS6133: 'wave' is declared but its value is never read.
src/modules/module2/components/interactive/ToolCallDashboard.tsx(6,1): error TS6133: 'SearchIcon' is declared but its value is never read.
src/modules/module2/components/interactive/ToolCallDashboard.tsx(7,1): error TS6133: 'Type' is declared but its value is never read.
src/modules/module2/components/interactive/ToolCallDashboard.tsx(15,7): error TS6133: 'WifiIcon' is declared but its value is never read.
src/modules/module2/components/interactive/ToolCallDashboard.tsx(50,12): error TS6133: 'lastSearchResult' is declared but its value is never read.
src/modules/module2/components/interactive/VoiceDrivenEditingDesk.tsx(6,1): error TS6133: 'SparklesIcon' is declared but its value is never read.
src/modules/module2/components/interactive/VoiceDrivenEditingDesk.tsx(13,12): error TS6133: 'error' is declared but its value is never read.
src/modules/module2/services/aiService.tsx(8,23): error TS6133: 'msg' is declared but its value is never read.
src/modules/module2/services/aiService.tsx(16,15): error TS6133: 'config' is declared but its value is never read.
src/modules/module2/services/aiService.tsx(19,27): error TS6133: 'prompt' is declared but its value is never read.
src/modules/module2/services/aiService.tsx(31,24): error TS6133: 'config' is declared but its value is never read.
src/modules/module2/services/aiService.tsx(37,18): error TS6133: 'config' is declared but its value is never read.
src/modules/module2/services/aiService.tsx(41,33): error TS6133: 'config' is declared but its value is never read.
src/modules/module3/components/GeminiChat.tsx(63,43): error TS2322: Type 'string | undefined' is not assignable to type 'string'.
  Type 'undefined' is not assignable to type 'string'.
src/modules/module3/components/interactive/ContextWindowExplorer.tsx(5,1): error TS6133: 'SparklesIcon' is declared but its value is never read.
src/modules/module3/components/interactive/ContextWindowExplorer.tsx(15,26): error TS6133: 'setDocumentText' is declared but its value is never read.
src/modules/module3/components/interactive/DataVisualizer.tsx(24,11): error TS6198: All destructured elements are unused.
src/modules/module3/components/interactive/DecisionFatigueMeter.tsx(1,27): error TS6133: 'useEffect' is declared but its value is never read.
src/modules/module3/components/interactive/DecisionMatrixCalculator.tsx(34,12): error TS6133: 'newCriterionName' is declared but its value is never read.
src/modules/module3/components/interactive/DecisionMatrixCalculator.tsx(34,30): error TS6133: 'setNewCriterionName' is declared but its value is never read.
src/modules/module3/components/interactive/DecisionMatrixCalculator.tsx(93,11): error TS6133: 'maxScore' is declared but its value is never read.
src/modules/module3/components/interactive/DecisionMatrixCalculator.tsx(254,64): error TS2339: Property 'id' does not exist on type 'never'.
src/modules/module3/components/interactive/DecisionMatrixCalculator.tsx(392,40): error TS2339: Property 'name' does not exist on type 'never'.
src/modules/module3/components/interactive/DecisionMatrixCalculator.tsx(427,61): error TS2339: Property 'scores' does not exist on type 'never'.
src/modules/module3/components/interactive/DiffusionFieldExplorer.tsx(6,1): error TS6133: 'SparklesIcon' is declared but its value is never read.
src/modules/module3/components/interactive/EthicalBiasMirror.tsx(143,30): error TS2554: Expected 1 arguments, but got 2.
src/modules/module3/components/interactive/FactCheckerSimulator.tsx(76,27): error TS6133: 'setExpandedClaim' is declared but its value is never read.
src/modules/module3/components/interactive/FactCheckerSimulator.tsx(164,31): error TS6133: 'isExpanded' is declared but its value is never read.
src/modules/module3/components/interactive/FactCheckerSimulator.tsx(167,31): error TS6133: 'isWrong' is declared but its value is never read.
src/modules/module3/components/interactive/InteractiveChatbot.tsx(16,28): error TS6133: 'updateProgress' is declared but its value is never read.
src/modules/module3/components/interactive/InteractiveChatbot.tsx(62,37): error TS2322: Type 'string | undefined' is not assignable to type 'string'.
  Type 'undefined' is not assignable to type 'string'.
src/modules/module3/components/interactive/InteractiveDebates.tsx(6,1): error TS6133: 'SparklesIcon' is declared but its value is never read.
src/modules/module3/components/interactive/InteractiveDebates.tsx(22,12): error TS6133: 'error' is declared but its value is never read.
src/modules/module3/components/interactive/KnowledgeGraphBuilder.tsx(1,48): error TS6133: 'useEffect' is declared but its value is never read.
src/modules/module3/components/interactive/LangGraphVisualizer.tsx(20,67): error TS6133: 'interactiveId' is declared but its value is never read.
src/modules/module3/components/interactive/LivePatentRadar.tsx(5,1): error TS6133: 'SparklesIcon' is declared but its value is never read.
src/modules/module3/components/interactive/ModelArmsRaceTimeline.tsx(12,69): error TS6133: 'interactiveId' is declared but its value is never read.
src/modules/module3/components/interactive/RobotSimulator.tsx(58,50): error TS7006: Parameter 'm' implicitly has an 'any' type.
src/modules/module3/components/interactive/ScenarioSimulator.tsx(69,12): error TS6133: 'customScenario' is declared but its value is never read.
src/modules/module3/components/interactive/ScenarioSimulator.tsx(69,28): error TS6133: 'setCustomScenario' is declared but its value is never read.
src/modules/module3/components/interactive/VoiceDrivenEditingDesk.tsx(6,1): error TS6133: 'SparklesIcon' is declared but its value is never read.
src/modules/module3/components/interactive/VoiceDrivenEditingDesk.tsx(13,12): error TS6133: 'error' is declared but its value is never read.
src/modules/module3/services/aiService.ts(8,23): error TS6133: 'msg' is declared but its value is never read.
src/modules/module3/services/aiService.ts(16,15): error TS6133: 'config' is declared but its value is never read.
src/modules/module3/services/aiService.ts(19,27): error TS6133: 'prompt' is declared but its value is never read.
src/modules/module3/services/aiService.ts(31,24): error TS6133: 'config' is declared but its value is never read.
src/modules/module3/services/aiService.ts(37,18): error TS6133: 'config' is declared but its value is never read.
src/modules/module3/services/aiService.ts(41,33): error TS6133: 'config' is declared but its value is never read.
src/modules/module4/components/auth/LoginPage.tsx(2,25): error TS2307: Cannot find module '../../hooks/useAuth' or its corresponding type declarations.
src/modules/module4/components/GeminiChat.tsx(63,43): error TS2322: Type 'string | undefined' is not assignable to type 'string'.
  Type 'undefined' is not assignable to type 'string'.
src/modules/module4/components/Header.tsx(70,19): error TS2339: Property 'resetProgress' does not exist on type 'AuthContextType'.
src/modules/module4/components/Header.tsx(71,25): error TS6133: 'setSearchQuery' is declared but its value is never read.
src/modules/module4/components/Header.tsx(72,12): error TS6133: 'isSearching' is declared but its value is never read.
src/modules/module4/components/Header.tsx(73,12): error TS6133: 'searchResults' is declared but its value is never read.
src/modules/module4/components/Header.tsx(74,12): error TS6133: 'showSearch' is declared but its value is never read.
src/modules/module4/components/Header.tsx(89,11): error TS6133: 'handleSearch' is declared but its value is never read.
src/modules/module4/components/Header.tsx(163,11): error TS6133: 'handleLinkClick' is declared but its value is never read.
src/modules/module4/components/interactive/AgentSystemDesigner.tsx(16,28): error TS2339: Property 'updateProgress' does not exist on type 'AuthContextType'.
src/modules/module4/components/interactive/AgentSystemDesigner.tsx(61,13): error TS2554: Expected 2 arguments, but got 1.
src/modules/module4/components/interactive/AiEthicsTracker.tsx(13,30): error TS2339: Property 'updateProgress' does not exist on type 'AuthContextType'.
src/modules/module4/components/interactive/AiEthicsTracker.tsx(37,17): error TS2554: Expected 2 arguments, but got 1.
src/modules/module4/components/interactive/AiGovernanceCardGenerator.tsx(9,30): error TS2339: Property 'updateProgress' does not exist on type 'AuthContextType'.
src/modules/module4/components/interactive/AiGovernanceCardGenerator.tsx(38,13): error TS2554: Expected 2 arguments, but got 1.
src/modules/module4/components/interactive/AiPaletteSynthesizer.tsx(14,30): error TS2339: Property 'updateProgress' does not exist on type 'AuthContextType'.
src/modules/module4/components/interactive/AiPaletteSynthesizer.tsx(64,17): error TS2554: Expected 2 arguments, but got 1.
src/modules/module4/components/interactive/AiSystemsBlueprintVisualizer.tsx(14,30): error TS2339: Property 'updateProgress' does not exist on type 'AuthContextType'.
src/modules/module4/components/interactive/AiSystemsBlueprintVisualizer.tsx(57,17): error TS2554: Expected 2 arguments, but got 1.
src/modules/module4/components/interactive/AmbientArchitect.tsx(9,30): error TS2339: Property 'updateProgress' does not exist on type 'AuthContextType'.
src/modules/module4/components/interactive/AmbientArchitect.tsx(38,17): error TS2554: Expected 2 arguments, but got 1.
src/modules/module4/components/interactive/ArchitectureBuilderSandbox.tsx(10,30): error TS2339: Property 'updateProgress' does not exist on type 'AuthContextType'.
src/modules/module4/components/interactive/ArchitectureBuilderSandbox.tsx(47,17): error TS2554: Expected 2 arguments, but got 1.
src/modules/module4/components/interactive/AudioVisualSyncLab.tsx(9,30): error TS2339: Property 'updateProgress' does not exist on type 'AuthContextType'.
src/modules/module4/components/interactive/AudioVisualSyncLab.tsx(40,17): error TS2554: Expected 2 arguments, but got 1.
src/modules/module4/components/interactive/BenefitSorter.tsx(24,28): error TS2339: Property 'updateProgress' does not exist on type 'AuthContextType'.
src/modules/module4/components/interactive/BenefitSorter.tsx(35,9): error TS2554: Expected 2 arguments, but got 1.
src/modules/module4/components/interactive/BusinessModelCanvas.tsx(18,30): error TS2339: Property 'updateProgress' does not exist on type 'AuthContextType'.
src/modules/module4/components/interactive/BusinessModelCanvas.tsx(47,17): error TS2554: Expected 2 arguments, but got 1.
src/modules/module4/components/interactive/CinematicPromptSequencer.tsx(9,30): error TS2339: Property 'updateProgress' does not exist on type 'AuthContextType'.
src/modules/module4/components/interactive/CinematicPromptSequencer.tsx(40,17): error TS2554: Expected 2 arguments, but got 1.
src/modules/module4/components/interactive/CodeDebugger.tsx(18,28): error TS2339: Property 'updateProgress' does not exist on type 'AuthContextType'.
src/modules/module4/components/interactive/CodeDebugger.tsx(43,13): error TS2554: Expected 2 arguments, but got 1.
src/modules/module4/components/interactive/CompositorCanvasPro.tsx(9,30): error TS2339: Property 'updateProgress' does not exist on type 'AuthContextType'.
src/modules/module4/components/interactive/CompositorCanvasPro.tsx(50,25): error TS2554: Expected 2 arguments, but got 1.
src/modules/module4/components/interactive/ContextWindowExplorer.tsx(5,1): error TS6133: 'SparklesIcon' is declared but its value is never read.
src/modules/module4/components/interactive/ContextWindowExplorer.tsx(14,30): error TS2339: Property 'updateProgress' does not exist on type 'AuthContextType'.
src/modules/module4/components/interactive/ContextWindowExplorer.tsx(15,26): error TS6133: 'setDocumentText' is declared but its value is never read.
src/modules/module4/components/interactive/ContextWindowExplorer.tsx(58,17): error TS2554: Expected 2 arguments, but got 1.
src/modules/module4/components/interactive/DataDecisionFlowchartBuilder.tsx(15,30): error TS2339: Property 'updateProgress' does not exist on type 'AuthContextType'.
src/modules/module4/components/interactive/DataDecisionFlowchartBuilder.tsx(54,17): error TS2554: Expected 2 arguments, but got 1.
src/modules/module4/components/interactive/DataDriftRiskLens.tsx(5,1): error TS6133: 'SparklesIcon' is declared but its value is never read.
src/modules/module4/components/interactive/DataDriftRiskLens.tsx(18,30): error TS2339: Property 'updateProgress' does not exist on type 'AuthContextType'.
src/modules/module4/components/interactive/DataDriftRiskLens.tsx(52,17): error TS2554: Expected 2 arguments, but got 1.
src/modules/module4/components/interactive/DataVisualizer.tsx(24,11): error TS6198: All destructured elements are unused.
src/modules/module4/components/interactive/DataVisualizer.tsx(24,30): error TS2339: Property 'updateProgress' does not exist on type 'AuthContextType'.
src/modules/module4/components/interactive/DiffusionFieldExplorer.tsx(6,1): error TS6133: 'SparklesIcon' is declared but its value is never read.
src/modules/module4/components/interactive/DiffusionFieldExplorer.tsx(9,30): error TS2339: Property 'updateProgress' does not exist on type 'AuthContextType'.
src/modules/module4/components/interactive/DiffusionFieldExplorer.tsx(42,17): error TS2554: Expected 2 arguments, but got 1.
src/modules/module4/components/interactive/DockerCommandQuiz.tsx(26,30): error TS2339: Property 'updateProgress' does not exist on type 'AuthContextType'.
src/modules/module4/components/interactive/DockerCommandQuiz.tsx(72,17): error TS2554: Expected 2 arguments, but got 1.
src/modules/module4/components/interactive/DreamspaceConstructor.tsx(9,30): error TS2339: Property 'updateProgress' does not exist on type 'AuthContextType'.
src/modules/module4/components/interactive/DreamspaceConstructor.tsx(44,25): error TS2554: Expected 2 arguments, but got 1.
src/modules/module4/components/interactive/EmotionBlendMixer.tsx(10,30): error TS2339: Property 'updateProgress' does not exist on type 'AuthContextType'.
src/modules/module4/components/interactive/EmotionBlendMixer.tsx(36,17): error TS2554: Expected 2 arguments, but got 1.
src/modules/module4/components/interactive/EnergyCarbonTracker.tsx(15,30): error TS2339: Property 'updateProgress' does not exist on type 'AuthContextType'.
src/modules/module4/components/interactive/EnergyCarbonTracker.tsx(26,13): error TS2554: Expected 2 arguments, but got 1.
src/modules/module4/components/interactive/EthicalDilemmaSimulator.tsx(15,30): error TS2339: Property 'updateProgress' does not exist on type 'AuthContextType'.
src/modules/module4/components/interactive/EthicalDilemmaSimulator.tsx(38,17): error TS2554: Expected 2 arguments, but got 1.
src/modules/module4/components/interactive/EthicalStyleInspector.tsx(9,30): error TS2339: Property 'updateProgress' does not exist on type 'AuthContextType'.
src/modules/module4/components/interactive/EthicalStyleInspector.tsx(38,17): error TS2554: Expected 2 arguments, but got 1.
src/modules/module4/components/interactive/ExplainabilityPanel.tsx(8,30): error TS2339: Property 'updateProgress' does not exist on type 'AuthContextType'.
src/modules/module4/components/interactive/ExplainabilityPanel.tsx(44,17): error TS2554: Expected 2 arguments, but got 1.
src/modules/module4/components/interactive/FundingPulseTicker.tsx(13,30): error TS2339: Property 'updateProgress' does not exist on type 'AuthContextType'.
src/modules/module4/components/interactive/FundingPulseTicker.tsx(37,17): error TS2554: Expected 2 arguments, but got 1.
src/modules/module4/components/interactive/FutureScenarioPoll.tsx(14,30): error TS2339: Property 'updateProgress' does not exist on type 'AuthContextType'.
src/modules/module4/components/interactive/FutureScenarioPoll.tsx(33,17): error TS2554: Expected 2 arguments, but got 1.
src/modules/module4/components/interactive/GenerativeSculptor3D.tsx(8,30): error TS2339: Property 'updateProgress' does not exist on type 'AuthContextType'.
src/modules/module4/components/interactive/GenerativeSculptor3D.tsx(38,17): error TS2554: Expected 2 arguments, but got 1.
src/modules/module4/components/interactive/GestureAnimator.tsx(9,30): error TS2339: Property 'updateProgress' does not exist on type 'AuthContextType'.
src/modules/module4/components/interactive/GestureAnimator.tsx(40,17): error TS2554: Expected 2 arguments, but got 1.
src/modules/module4/components/interactive/ImagePromptEnhancer.tsx(8,30): error TS2339: Property 'updateProgress' does not exist on type 'AuthContextType'.
src/modules/module4/components/interactive/ImagePromptEnhancer.tsx(37,17): error TS2554: Expected 2 arguments, but got 1.
src/modules/module4/components/interactive/InteractiveChatbot.tsx(16,28): error TS2339: Property 'updateProgress' does not exist on type 'AuthContextType'.
src/modules/module4/components/interactive/InteractiveChatbot.tsx(16,28): error TS6133: 'updateProgress' is declared but its value is never read.
src/modules/module4/components/interactive/InteractiveChatbot.tsx(62,37): error TS2322: Type 'string | undefined' is not assignable to type 'string'.
  Type 'undefined' is not assignable to type 'string'.
src/modules/module4/components/interactive/InteractiveChatbot.tsx(65,9): error TS2554: Expected 2 arguments, but got 1.
src/modules/module4/components/interactive/InteractiveDebates.tsx(6,1): error TS6133: 'SparklesIcon' is declared but its value is never read.
src/modules/module4/components/interactive/InteractiveDebates.tsx(17,30): error TS2339: Property 'updateProgress' does not exist on type 'AuthContextType'.
src/modules/module4/components/interactive/InteractiveDebates.tsx(22,12): error TS6133: 'error' is declared but its value is never read.
src/modules/module4/components/interactive/InteractiveDebates.tsx(45,17): error TS2554: Expected 2 arguments, but got 1.
src/modules/module4/components/interactive/JobImpactSimulator.tsx(10,30): error TS2339: Property 'updateProgress' does not exist on type 'AuthContextType'.
src/modules/module4/components/interactive/JobImpactSimulator.tsx(37,17): error TS2554: Expected 2 arguments, but got 1.
src/modules/module4/components/interactive/LangGraphVisualizer.tsx(20,67): error TS6133: 'interactiveId' is declared but its value is never read.
src/modules/module4/components/interactive/LightingPhysicsLab.tsx(16,30): error TS2339: Property 'updateProgress' does not exist on type 'AuthContextType'.
src/modules/module4/components/interactive/LightingPhysicsLab.tsx(48,25): error TS2554: Expected 2 arguments, but got 1.
src/modules/module4/components/interactive/LivePatentRadar.tsx(5,1): error TS6133: 'SparklesIcon' is declared but its value is never read.
src/modules/module4/components/interactive/LivePatentRadar.tsx(13,30): error TS2339: Property 'updateProgress' does not exist on type 'AuthContextType'.
src/modules/module4/components/interactive/LivePatentRadar.tsx(37,17): error TS2554: Expected 2 arguments, but got 1.
src/modules/module4/components/interactive/LossLandscapeNavigator.tsx(16,30): error TS2339: Property 'updateProgress' does not exist on type 'AuthContextType'.
src/modules/module4/components/interactive/LossLandscapeNavigator.tsx(37,17): error TS2554: Expected 2 arguments, but got 1.
src/modules/module4/components/interactive/MeetingSummarizer.tsx(22,30): error TS2339: Property 'updateProgress' does not exist on type 'AuthContextType'.
src/modules/module4/components/interactive/MeetingSummarizer.tsx(80,17): error TS2554: Expected 2 arguments, but got 1.
src/modules/module4/components/interactive/MelodyMakerAI.tsx(9,30): error TS2339: Property 'updateProgress' does not exist on type 'AuthContextType'.
src/modules/module4/components/interactive/MelodyMakerAI.tsx(42,17): error TS2554: Expected 2 arguments, but got 1.
src/modules/module4/components/interactive/MemoryDecayLab.tsx(14,30): error TS2339: Property 'updateProgress' does not exist on type 'AuthContextType'.
src/modules/module4/components/interactive/MemoryDecayLab.tsx(72,17): error TS2554: Expected 2 arguments, but got 1.
src/modules/module4/components/interactive/MemoryRecallTuner.tsx(8,30): error TS2339: Property 'updateProgress' does not exist on type 'AuthContextType'.
src/modules/module4/components/interactive/MemoryRecallTuner.tsx(34,17): error TS2554: Expected 2 arguments, but got 1.
src/modules/module4/components/interactive/ModelArmsRaceTimeline.tsx(12,69): error TS6133: 'interactiveId' is declared but its value is never read.
src/modules/module4/components/interactive/MotionPhysicsPlayground.tsx(9,30): error TS2339: Property 'updateProgress' does not exist on type 'AuthContextType'.
src/modules/module4/components/interactive/MotionPhysicsPlayground.tsx(43,17): error TS2554: Expected 2 arguments, but got 1.
src/modules/module4/components/interactive/MultiAgentChatSandbox.tsx(13,30): error TS2339: Property 'updateProgress' does not exist on type 'AuthContextType'.
src/modules/module4/components/interactive/MultiAgentChatSandbox.tsx(56,17): error TS2554: Expected 2 arguments, but got 1.
src/modules/module4/components/interactive/NeuralEvolutionChronicle.tsx(15,30): error TS2339: Property 'updateProgress' does not exist on type 'AuthContextType'.
src/modules/module4/components/interactive/NeuralEvolutionChronicle.tsx(36,17): error TS2554: Expected 2 arguments, but got 1.
src/modules/module4/components/interactive/OrbitalHabitatDesigner.tsx(10,30): error TS2339: Property 'updateProgress' does not exist on type 'AuthContextType'.
src/modules/module4/components/interactive/OrbitalHabitatDesigner.tsx(60,17): error TS2554: Expected 2 arguments, but got 1.
src/modules/module4/components/interactive/ParameterUniverseExplorer.tsx(8,30): error TS2339: Property 'updateProgress' does not exist on type 'AuthContextType'.
src/modules/module4/components/interactive/ParameterUniverseExplorer.tsx(42,17): error TS2554: Expected 2 arguments, but got 1.
src/modules/module4/components/interactive/PatternGenomeSynthesizer.tsx(15,30): error TS2339: Property 'updateProgress' does not exist on type 'AuthContextType'.
src/modules/module4/components/interactive/PatternGenomeSynthesizer.tsx(58,17): error TS2554: Expected 2 arguments, but got 1.
src/modules/module4/components/interactive/PersonalizationSimulator.tsx(30,30): error TS2339: Property 'updateProgress' does not exist on type 'AuthContextType'.
src/modules/module4/components/interactive/PersonalizationSimulator.tsx(81,17): error TS2554: Expected 2 arguments, but got 1.
src/modules/module4/components/interactive/PhysicsPainter.tsx(9,30): error TS2339: Property 'updateProgress' does not exist on type 'AuthContextType'.
src/modules/module4/components/interactive/PhysicsPainter.tsx(38,17): error TS2554: Expected 2 arguments, but got 1.
src/modules/module4/components/interactive/PitchBuilder.tsx(10,30): error TS2339: Property 'updateProgress' does not exist on type 'AuthContextType'.
src/modules/module4/components/interactive/PitchBuilder.tsx(46,17): error TS2554: Expected 2 arguments, but got 1.
src/modules/module4/components/interactive/PoeticFusionGenerator.tsx(8,30): error TS2339: Property 'updateProgress' does not exist on type 'AuthContextType'.
src/modules/module4/components/interactive/PoeticFusionGenerator.tsx(52,17): error TS2554: Expected 2 arguments, but got 1.
src/modules/module4/components/interactive/PrivacyLensDashboard.tsx(21,30): error TS2339: Property 'updateProgress' does not exist on type 'AuthContextType'.
src/modules/module4/components/interactive/PrivacyLensDashboard.tsx(77,17): error TS2554: Expected 2 arguments, but got 1.
src/modules/module4/components/interactive/ProfessionalEmailWriter.tsx(8,30): error TS2339: Property 'updateProgress' does not exist on type 'AuthContextType'.
src/modules/module4/components/interactive/ProfessionalEmailWriter.tsx(39,17): error TS2554: Expected 2 arguments, but got 1.
src/modules/module4/components/interactive/ProjectSubmission.tsx(11,30): error TS2339: Property 'updateProgress' does not exist on type 'AuthContextType'.
src/modules/module4/components/interactive/ProjectSubmission.tsx(45,17): error TS2554: Expected 2 arguments, but got 1.
src/modules/module4/components/interactive/PromptArchitectWorkbench.tsx(10,30): error TS2339: Property 'updateProgress' does not exist on type 'AuthContextType'.
src/modules/module4/components/interactive/PromptArchitectWorkbench.tsx(51,17): error TS2554: Expected 2 arguments, but got 1.
src/modules/module4/components/interactive/PromptArchitectWorkbench.tsx(88,25): error TS2554: Expected 2 arguments, but got 1.
src/modules/module4/components/interactive/PromptHealthDashboard.tsx(14,30): error TS2339: Property 'updateProgress' does not exist on type 'AuthContextType'.
src/modules/module4/components/interactive/PromptHealthDashboard.tsx(54,17): error TS2554: Expected 2 arguments, but got 1.
src/modules/module4/components/interactive/PromptMutationStudio.tsx(8,30): error TS2339: Property 'updateProgress' does not exist on type 'AuthContextType'.
src/modules/module4/components/interactive/PromptMutationStudio.tsx(42,17): error TS2554: Expected 2 arguments, but got 1.
src/modules/module4/components/interactive/RlhfTrainerGame.tsx(53,30): error TS2339: Property 'updateProgress' does not exist on type 'AuthContextType'.
src/modules/module4/components/interactive/RlhfTrainerGame.tsx(98,17): error TS2554: Expected 2 arguments, but got 1.
src/modules/module4/components/interactive/RobotSimulator.tsx(58,50): error TS7006: Parameter 'm' implicitly has an 'any' type.
src/modules/module4/components/interactive/SceneDirectorXR.tsx(9,30): error TS2339: Property 'updateProgress' does not exist on type 'AuthContextType'.
src/modules/module4/components/interactive/SceneDirectorXR.tsx(39,17): error TS2554: Expected 2 arguments, but got 1.
src/modules/module4/components/interactive/SkytowerArchitect.tsx(10,30): error TS2339: Property 'updateProgress' does not exist on type 'AuthContextType'.
src/modules/module4/components/interactive/SkytowerArchitect.tsx(43,25): error TS2554: Expected 2 arguments, but got 1.
src/modules/module4/components/interactive/SkytowerArchitect.tsx(73,17): error TS2554: Expected 2 arguments, but got 1.
src/modules/module4/components/interactive/SoundfieldComposer.tsx(9,30): error TS2339: Property 'updateProgress' does not exist on type 'AuthContextType'.
src/modules/module4/components/interactive/SoundfieldComposer.tsx(41,17): error TS2554: Expected 2 arguments, but got 1.
src/modules/module4/components/interactive/SpatialNarrativeEngine.tsx(9,30): error TS2339: Property 'updateProgress' does not exist on type 'AuthContextType'.
src/modules/module4/components/interactive/SpatialNarrativeEngine.tsx(44,25): error TS2554: Expected 2 arguments, but got 1.
src/modules/module4/components/interactive/SpeechEmotionAnalyzer.tsx(9,30): error TS2339: Property 'updateProgress' does not exist on type 'AuthContextType'.
src/modules/module4/components/interactive/SpeechEmotionAnalyzer.tsx(40,17): error TS2554: Expected 2 arguments, but got 1.
src/modules/module4/components/interactive/StoryboardForgePlus.tsx(16,30): error TS2339: Property 'updateProgress' does not exist on type 'AuthContextType'.
src/modules/module4/components/interactive/StoryboardForgePlus.tsx(62,17): error TS2554: Expected 2 arguments, but got 1.
src/modules/module4/components/interactive/TextureAlchemyLab.tsx(9,30): error TS2339: Property 'updateProgress' does not exist on type 'AuthContextType'.
src/modules/module4/components/interactive/TextureAlchemyLab.tsx(42,17): error TS2554: Expected 2 arguments, but got 1.
src/modules/module4/components/interactive/TokenEconomySimulator.tsx(13,30): error TS2339: Property 'updateProgress' does not exist on type 'AuthContextType'.
src/modules/module4/components/interactive/TokenEconomySimulator.tsx(42,17): error TS2554: Expected 2 arguments, but got 1.
src/modules/module4/components/interactive/UiFeedback.tsx(20,30): error TS2339: Property 'updateProgress' does not exist on type 'AuthContextType'.
src/modules/module4/components/interactive/UiFeedback.tsx(40,17): error TS2554: Expected 2 arguments, but got 1.
src/modules/module4/components/interactive/VoiceDrivenEditingDesk.tsx(6,1): error TS6133: 'SparklesIcon' is declared but its value is never read.
src/modules/module4/components/interactive/VoiceDrivenEditingDesk.tsx(13,12): error TS6133: 'error' is declared but its value is never read.
src/modules/module4/components/interactive/VoiceMorphStudio.tsx(11,30): error TS2339: Property 'updateProgress' does not exist on type 'AuthContextType'.
src/modules/module4/components/interactive/VoiceMorphStudio.tsx(42,17): error TS2554: Expected 2 arguments, but got 1.
src/modules/module4/data/curriculumData.ts(32,25): error TS2741: Property 'content' is missing in type '{ type: "interactive"; component: "AiSystemsBlueprintVisualizer"; interactiveId: string; }' but required in type 'ContentItem'.
src/modules/module4/data/curriculumData.ts(36,25): error TS2741: Property 'content' is missing in type '{ type: "interactive"; component: "SkytowerArchitect"; interactiveId: string; }' but required in type 'ContentItem'.
src/modules/module4/data/curriculumData.ts(50,25): error TS2741: Property 'content' is missing in type '{ type: "interactive"; component: "PromptHealthDashboard"; interactiveId: string; }' but required in type 'ContentItem'.
src/modules/module4/data/curriculumData.ts(51,25): error TS2741: Property 'content' is missing in type '{ type: "interactive"; component: "PromptMutationStudio"; interactiveId: string; }' but required in type 'ContentItem'.
src/modules/module4/data/curriculumData.ts(65,25): error TS2741: Property 'content' is missing in type '{ type: "interactive"; component: "MultiAgentChatSandbox"; interactiveId: string; }' but required in type 'ContentItem'.
src/modules/module4/data/curriculumData.ts(67,25): error TS2741: Property 'content' is missing in type '{ type: "interactive"; component: "AgentSystemDesigner"; interactiveId: string; }' but required in type 'ContentItem'.
src/modules/module4/data/curriculumData.ts(81,48): error TS2322: Type '"MemoryRecallTuner"' is not assignable to type 'InteractiveComponentType | undefined'.
src/modules/module4/data/curriculumData.ts(82,25): error TS2741: Property 'content' is missing in type '{ type: "interactive"; component: "RagBuilder"; interactiveId: string; }' but required in type 'ContentItem'.
src/modules/module4/data/curriculumData.ts(83,25): error TS2741: Property 'content' is missing in type '{ type: "interactive"; component: "ContextWindowExplorer"; interactiveId: string; }' but required in type 'ContentItem'.
src/modules/module4/data/curriculumData.ts(84,25): error TS2741: Property 'content' is missing in type '{ type: "interactive"; component: "MemoryDecayLab"; interactiveId: string; }' but required in type 'ContentItem'.
src/modules/module4/data/curriculumData.ts(98,25): error TS2741: Property 'content' is missing in type '{ type: "interactive"; component: "DataDecisionFlowchartBuilder"; interactiveId: string; }' but required in type 'ContentItem'.
src/modules/module4/data/curriculumData.ts(100,25): error TS2741: Property 'content' is missing in type '{ type: "interactive"; component: "DataVisualizer"; interactiveId: string; }' but required in type 'ContentItem'.
src/modules/module4/data/curriculumData.ts(114,25): error TS2741: Property 'content' is missing in type '{ type: "interactive"; component: "RlhfTrainerGame"; interactiveId: string; }' but required in type 'ContentItem'.
src/modules/module4/data/curriculumData.ts(116,25): error TS2741: Property 'content' is missing in type '{ type: "interactive"; component: "LossLandscapeNavigator"; interactiveId: string; }' but required in type 'ContentItem'.
src/modules/module4/data/curriculumData.ts(117,25): error TS2741: Property 'content' is missing in type '{ type: "interactive"; component: "AdversarialAttackSimulator"; interactiveId: string; }' but required in type 'ContentItem'.
src/modules/module4/data/curriculumData.ts(131,25): error TS2741: Property 'content' is missing in type '{ type: "interactive"; component: "FundingPulseTicker"; interactiveId: string; }' but required in type 'ContentItem'.
src/modules/module4/data/curriculumData.ts(133,25): error TS2741: Property 'content' is missing in type '{ type: "interactive"; component: "SimplePredictiveModel"; interactiveId: string; }' but required in type 'ContentItem'.
src/modules/module4/data/curriculumData.ts(147,25): error TS2741: Property 'content' is missing in type '{ type: "interactive"; component: "EthicalDilemmaSimulator"; interactiveId: string; }' but required in type 'ContentItem'.
src/modules/module4/data/curriculumData.ts(149,25): error TS2741: Property 'content' is missing in type '{ type: "interactive"; component: "LangGraphVisualizer"; interactiveId: string; }' but required in type 'ContentItem'.
src/modules/module4/data/curriculumData.ts(150,25): error TS2741: Property 'content' is missing in type '{ type: "interactive"; component: "CodeDebugger"; interactiveId: string; }' but required in type 'ContentItem'.
src/modules/module4/data/curriculumData.ts(164,25): error TS2741: Property 'content' is missing in type '{ type: "interactive"; component: "RlhfTrainerGame"; interactiveId: string; }' but required in type 'ContentItem'.
src/modules/module4/data/curriculumData.ts(166,25): error TS2741: Property 'content' is missing in type '{ type: "interactive"; component: "PersonalizationSimulator"; interactiveId: string; }' but required in type 'ContentItem'.
src/modules/module4/data/curriculumData.ts(180,25): error TS2741: Property 'content' is missing in type '{ type: "interactive"; component: "DockerCommandQuiz"; interactiveId: string; }' but required in type 'ContentItem'.
src/modules/module4/data/curriculumData.ts(182,25): error TS2741: Property 'content' is missing in type '{ type: "interactive"; component: "MeetingSummarizer"; interactiveId: string; }' but required in type 'ContentItem'.
src/modules/module4/data/curriculumData.ts(776,48): error TS2322: Type '"ProjectSubmission"' is not assignable to type 'InteractiveComponentType | undefined'.
src/modules/module4/data/curriculumData.ts(798,25): error TS2741: Property 'content' is missing in type '{ type: "interactive"; component: "ExplainabilityPanel"; interactiveId: string; }' but required in type 'ContentItem'.
src/modules/module4/data/curriculumData.ts(799,25): error TS2741: Property 'content' is missing in type '{ type: "interactive"; component: "BenefitSorter"; interactiveId: string; }' but required in type 'ContentItem'.
src/modules/module4/data/curriculumData.ts(813,48): error TS2322: Type '"DataDriftRiskLens"' is not assignable to type 'InteractiveComponentType | undefined'.
src/modules/module4/data/curriculumData.ts(814,25): error TS2741: Property 'content' is missing in type '{ type: "interactive"; component: "AlgorithmVisualizer"; interactiveId: string; }' but required in type 'ContentItem'.
src/modules/module4/data/curriculumData.ts(828,25): error TS2741: Property 'content' is missing in type '{ type: "interactive"; component: "TokenEconomySimulator"; interactiveId: string; }' but required in type 'ContentItem'.
src/modules/module4/data/curriculumData.ts(829,25): error TS2741: Property 'content' is missing in type '{ type: "interactive"; component: "EnergyCarbonTracker"; interactiveId: string; }' but required in type 'ContentItem'.
src/modules/module4/data/curriculumData.ts(843,25): error TS2741: Property 'content' is missing in type '{ type: "interactive"; component: "EthicalBiasMirror"; interactiveId: string; }' but required in type 'ContentItem'.
src/modules/module4/data/curriculumData.ts(844,25): error TS2741: Property 'content' is missing in type '{ type: "interactive"; component: "EthicalStyleInspector"; interactiveId: string; }' but required in type 'ContentItem'.
src/modules/module4/data/curriculumData.ts(845,25): error TS2741: Property 'content' is missing in type '{ type: "interactive"; component: "AiAlignmentTuner"; interactiveId: string; }' but required in type 'ContentItem'.
src/modules/module4/data/curriculumData.ts(859,25): error TS2741: Property 'content' is missing in type '{ type: "interactive"; component: "LivePatentRadar"; interactiveId: string; }' but required in type 'ContentItem'.
src/modules/module4/data/curriculumData.ts(860,25): error TS2741: Property 'content' is missing in type '{ type: "interactive"; component: "SmartContractEventListener"; interactiveId: string; }' but required in type 'ContentItem'.
src/modules/module4/data/curriculumData.ts(874,25): error TS2741: Property 'content' is missing in type '{ type: "interactive"; component: "AiEthicsTracker"; interactiveId: string; }' but required in type 'ContentItem'.
src/modules/module4/data/curriculumData.ts(875,25): error TS2741: Property 'content' is missing in type '{ type: "interactive"; component: "PrivacyLensDashboard"; interactiveId: string; }' but required in type 'ContentItem'.
src/modules/module4/data/curriculumData.ts(889,25): error TS2741: Property 'content' is missing in type '{ type: "interactive"; component: "PitchBuilder"; interactiveId: string; }' but required in type 'ContentItem'.
src/modules/module4/data/curriculumData.ts(890,25): error TS2741: Property 'content' is missing in type '{ type: "interactive"; component: "BusinessModelCanvas"; interactiveId: string; }' but required in type 'ContentItem'.
src/modules/module4/data/curriculumData.ts(904,25): error TS2741: Property 'content' is missing in type '{ type: "interactive"; component: "EthicalDilemmaSimulator"; interactiveId: string; }' but required in type 'ContentItem'.
src/modules/module4/data/curriculumData.ts(918,25): error TS2741: Property 'content' is missing in type '{ type: "interactive"; component: "JobImpactSimulator"; interactiveId: string; }' but required in type 'ContentItem'.
src/modules/module4/data/curriculumData.ts(919,25): error TS2741: Property 'content' is missing in type '{ type: "interactive"; component: "FutureScenarioPoll"; interactiveId: string; }' but required in type 'ContentItem'.
src/modules/module4/data/curriculumData.ts(920,25): error TS2741: Property 'content' is missing in type '{ type: "interactive"; component: "InteractiveDebates"; interactiveId: string; }' but required in type 'ContentItem'.
src/modules/module4/data/curriculumData.ts(921,25): error TS2741: Property 'content' is missing in type '{ type: "interactive"; component: "SdgMatcher"; interactiveId: string; }' but required in type 'ContentItem'.
src/modules/module4/data/curriculumData.ts(925,48): error TS2322: Type '"OrbitalHabitatDesigner"' is not assignable to type 'InteractiveComponentType | undefined'.
src/modules/module4/data/curriculumData.ts(938,48): error TS2322: Type '"AiGovernanceCardGenerator"' is not assignable to type 'InteractiveComponentType | undefined'.
src/modules/module4/data/curriculumData.ts(939,25): error TS2741: Property 'content' is missing in type '{ type: "interactive"; component: "NeuralEvolutionChronicle"; interactiveId: string; }' but required in type 'ContentItem'.
src/modules/module4/data/curriculumData.ts(1471,48): error TS2322: Type '"ProjectSubmission"' is not assignable to type 'InteractiveComponentType | undefined'.
src/modules/module4/services/aiService.ts(8,23): error TS6133: 'msg' is declared but its value is never read.
src/modules/module4/services/aiService.ts(16,15): error TS6133: 'config' is declared but its value is never read.
src/modules/module4/services/aiService.ts(19,27): error TS6133: 'prompt' is declared but its value is never read.
src/modules/module4/services/aiService.ts(31,24): error TS6133: 'config' is declared but its value is never read.
src/modules/module4/services/aiService.ts(37,18): error TS6133: 'config' is declared but its value is never read.
src/modules/module4/services/aiService.ts(41,33): error TS6133: 'config' is declared but its value is never read.
src/pages/AdminDashboard.tsx(122,7): error TS6133: 'QuickAction' is declared but its value is never read.
src/pages/AdminStudents.tsx(5,36): error TS6133: 'createAssignment' is declared but its value is never read.
src/pages/AdminStudents.tsx(11,12): error TS6133: 'showAssignModal' is declared but its value is never read.
src/pages/Module4Page.tsx(57,12): error TS6133: 'visibleSections' is declared but its value is never read.
src/services/dal/contract.ts(1,38): error TS6133: 'AdminStats' is declared but its value is never read.
src/services/dal/supabase.ts(5,7): error TS2420: Class 'SupabaseAuthService' incorrectly implements interface 'IAuthService'.
  Property 'logout' is missing in type 'SupabaseAuthService' but required in type 'IAuthService'.
src/services/dal/supabase.ts(52,83): error TS6133: 'event' is declared but its value is never read.
src/services/dal/supabase.ts(57,35): error TS6133: 'error' is declared but its value is never read.
src/services/dal/supabase.ts(142,23): error TS6133: 'error' is declared but its value is never read.
src/services/dal/supabase.ts(289,5): error TS2741: Property 'logout' is missing in type 'SupabaseAuthService' but required in type 'IAuthService'.
src/zen-programs/components/ProgramMainContent.tsx(25,11): error TS6133: 'sectionRefs' is declared but its value is never read.
src/zen-programs/pages/ProgramHubPage.tsx(36,26): error TS2554: Expected 1 arguments, but got 0.
